Archive member included to satisfy reference by file (symbol)

D:/sse/lib/libc_v7em_fpv4_sp_d16_hard_t_le_eabi.a(libc2.o)
                              Output/Release/Obj/ble_app_blinky_pca10040_s132/nrf_log_str_formatter.o (isprint)
D:/sse/lib/libc_v7em_fpv4_sp_d16_hard_t_le_eabi.a(libc2_asm.o)
                              Output/Release/Obj/ble_app_blinky_pca10040_s132/nrf_log_frontend.o (memcpy)
D:/sse/lib/libc_v7em_fpv4_sp_d16_hard_t_le_eabi.a(libvfprintf.o)
                              (__vfprintf_long)
D:/sse/lib/libc_v7em_fpv4_sp_d16_hard_t_le_eabi.a(libvfscanf.o)
                              (__vfscanf_long)
D:/sse/lib/libc_v7em_fpv4_sp_d16_hard_t_le_eabi.a(libc.o)
                              D:/sse/lib/libc_v7em_fpv4_sp_d16_hard_t_le_eabi.a(libc2.o) (__heap_lock)
D:/sse/lib/libc_v7em_fpv4_sp_d16_hard_t_le_eabi.a(libc_asm.o)
                              D:/sse/lib/libc_v7em_fpv4_sp_d16_hard_t_le_eabi.a(libc2.o) (__aeabi_uldivmod)
D:/sse/lib/libdebugio_v7em_fpv4_sp_d16_hard_t_le_eabi.a(libdebugio.o)
                              Output/Release/Obj/ble_app_blinky_pca10040_s132/thumb_crt0.o (debug_fopen)
D:/sse/lib/libdebugio_v7em_fpv4_sp_d16_hard_t_le_eabi.a(do_nv_debug_operation.o)
                              D:/sse/lib/libdebugio_v7em_fpv4_sp_d16_hard_t_le_eabi.a(libdebugio.o) (__do_nvdebug_operation)
D:/sse/lib/libdebugio_v7em_fpv4_sp_d16_hard_t_le_eabi.a(mempoll_debug_operations.o)
                              (__do_debug_operation_mempoll)
D:/sse/lib/libm_v7em_fpv4_sp_d16_hard_t_le_eabi.a(libm_asm.o)
                              D:/sse/lib/libc_v7em_fpv4_sp_d16_hard_t_le_eabi.a(libc2.o) (__aeabi_dadd)
D:/sse/lib/libm_v7em_fpv4_sp_d16_hard_t_le_eabi.a(libm2.o)
                              D:/sse/lib/libc_v7em_fpv4_sp_d16_hard_t_le_eabi.a(libvfprintf.o) (frexp)

Discarded input sections

 .text          0x0000000000000000        0x0 Output/Release/Obj/ble_app_blinky_pca10040_s132/thumb_crt0.o
 .data          0x0000000000000000        0x0 Output/Release/Obj/ble_app_blinky_pca10040_s132/thumb_crt0.o
 .bss           0x0000000000000000        0x0 Output/Release/Obj/ble_app_blinky_pca10040_s132/thumb_crt0.o
 .text.__aeabi_read_tp
                0x0000000000000000        0x8 Output/Release/Obj/ble_app_blinky_pca10040_s132/thumb_crt0.o
 .text.abort    0x0000000000000000        0x2 Output/Release/Obj/ble_app_blinky_pca10040_s132/thumb_crt0.o
 .text.__assert
                0x0000000000000000        0x2 Output/Release/Obj/ble_app_blinky_pca10040_s132/thumb_crt0.o
 .text.__assert_func
                0x0000000000000000        0x2 Output/Release/Obj/ble_app_blinky_pca10040_s132/thumb_crt0.o
 .text.__aeabi_assert
                0x0000000000000000        0x2 Output/Release/Obj/ble_app_blinky_pca10040_s132/thumb_crt0.o
 .text.__sync_synchronize
                0x0000000000000000        0x2 Output/Release/Obj/ble_app_blinky_pca10040_s132/thumb_crt0.o
 .text.__getchar
                0x0000000000000000        0x4 Output/Release/Obj/ble_app_blinky_pca10040_s132/thumb_crt0.o
 .text.__putchar
                0x0000000000000000        0x4 Output/Release/Obj/ble_app_blinky_pca10040_s132/thumb_crt0.o
 .text.__open   0x0000000000000000        0x4 Output/Release/Obj/ble_app_blinky_pca10040_s132/thumb_crt0.o
 .text.__close  0x0000000000000000        0x4 Output/Release/Obj/ble_app_blinky_pca10040_s132/thumb_crt0.o
 .text.__write  0x0000000000000000        0xa Output/Release/Obj/ble_app_blinky_pca10040_s132/thumb_crt0.o
 .text.__read   0x0000000000000000        0xa Output/Release/Obj/ble_app_blinky_pca10040_s132/thumb_crt0.o
 .text.__seek   0x0000000000000000       0x1a Output/Release/Obj/ble_app_blinky_pca10040_s132/thumb_crt0.o
 .text.remove   0x0000000000000000        0x4 Output/Release/Obj/ble_app_blinky_pca10040_s132/thumb_crt0.o
 .text.rename   0x0000000000000000        0x4 Output/Release/Obj/ble_app_blinky_pca10040_s132/thumb_crt0.o
 .bss.__user_locale_name_buffer
                0x0000000000000000        0x4 Output/Release/Obj/ble_app_blinky_pca10040_s132/thumb_crt0.o
 .stack         0x0000000000000000        0x0 Output/Release/Obj/ble_app_blinky_pca10040_s132/thumb_crt0.o
 .stack_process
                0x0000000000000000        0x0 Output/Release/Obj/ble_app_blinky_pca10040_s132/thumb_crt0.o
 .heap          0x0000000000000000        0x0 Output/Release/Obj/ble_app_blinky_pca10040_s132/thumb_crt0.o
 .group         0x0000000000000000        0xc Output/Release/Obj/ble_app_blinky_pca10040_s132/nrf_log_backend_rtt.o
 .group         0x0000000000000000        0xc Output/Release/Obj/ble_app_blinky_pca10040_s132/nrf_log_backend_rtt.o
 .group         0x0000000000000000        0xc Output/Release/Obj/ble_app_blinky_pca10040_s132/nrf_log_backend_rtt.o
 .group         0x0000000000000000        0xc Output/Release/Obj/ble_app_blinky_pca10040_s132/nrf_log_backend_rtt.o
 .group         0x0000000000000000        0xc Output/Release/Obj/ble_app_blinky_pca10040_s132/nrf_log_backend_rtt.o
[...]
Memory Configuration

Name             Origin             Length             Attributes
UNPLACED_SECTIONS 0x0000000100000000 0x0000000000000000 xw
RAM1             0x0000000020000000 0x0000000000010000 xw
FLASH            0x0000000000000000 0x0000000000080000 xw
*default*        0x0000000000000000 0xffffffffffffffff

Linker script and memory map

                0x0000000000000000                __do_debug_operation = __do_debug_operation_mempoll
                0x0000000000000000                __vfprintf = __vfprintf_long
                0x0000000000000000                __vfscanf = __vfscanf_long
                0x0000000020000000                __RAM1_segment_start__ = 0x20000000
                0x0000000020010000                __RAM1_segment_end__ = 0x20010000
                0x0000000000010000                __RAM1_segment_size__ = 0x10000
                0x0000000000000000                __FLASH_segment_start__ = 0x0
                0x0000000000080000                __FLASH_segment_end__ = 0x80000
                0x0000000000080000                __FLASH_segment_size__ = 0x80000
                0x0000000000002000                __HEAPSIZE__ = 0x2000
                0x0000000000000000                __STACKSIZE_PROCESS__ = 0x0
                0x0000000000002000                __STACKSIZE__ = 0x2000
                0x0000000020000000                __reserved_ram_load_start__ = 0x20000000

.reserved_ram   0x0000000020000000     0x22f0
                0x0000000020000000                __reserved_ram_start__ = .
 *(.reserved_ram .reserved_ram.*)
                0x00000000200022f0                . = MAX (((__reserved_ram_start__ + 0x200022f0) - 0x20000000), .)
 *fill*         0x0000000020000000     0x22f0 
                0x00000000200022f0                __reserved_ram_end__ = (__reserved_ram_start__ + SIZEOF (.reserved_ram))
                0x00000000000022f0                __reserved_ram_size__ = SIZEOF (.reserved_ram)
                0x00000000200022f0                __reserved_ram_load_end__ = __reserved_ram_end__
                0x0000000000000001                . = ASSERT (((__reserved_ram_start__ == __reserved_ram_end__) || ((__reserved_ram_end__ - __RAM1_segment_start__) <= __RAM1_segment_size__)), error: .reserved_ram is too large to fit in RAM1 memory segment)
                0x00000000200022f0                __vectors_ram_load_start__ = 0x200022f0

.vectors_ram    0x00000000200022f0        0x0
                0x00000000200022f0                __vectors_ram_start__ = .
                0x00000000200022f0                __app_ram_start__ = __vectors_ram_start__
 *(.vectors_ram .vectors_ram.*)
                0x00000000200022f0                __vectors_ram_end__ = (__vectors_ram_start__ + SIZEOF (.vectors_ram))
                0x0000000000000000                __vectors_ram_size__ = SIZEOF (.vectors_ram)
                0x00000000200022f0                __vectors_ram_load_end__ = __vectors_ram_end__
                0x0000000000000001                . = ASSERT (((__vectors_ram_start__ == __vectors_ram_end__) || ((__vectors_ram_end__ - __RAM1_segment_start__) <= __RAM1_segment_size__)), error: .vectors_ram is too large to fit in RAM1 memory segment)
                0x0000000000000001                . = ASSERT ((__reserved_ram_end__ <= __vectors_ram_start__), error: section .reserved_ram overlaps absolute placed section .vectors_ram)
                0x00000000200022f0                __nrf_sections_run_load_start__ = ALIGN (__vectors_ram_end__, 0x4)

.nrf_sections_run
                0x00000000200022f0        0x0
                0x00000000200022f0                __nrf_sections_run_start__ = .
                0x00000000200022f0                __start_nrf_sections_run = __nrf_sections_run_start__
 *(.nrf_sections_run .nrf_sections_run.*)
                0x00000000200022f0                __nrf_sections_run_end__ = (__nrf_sections_run_start__ + SIZEOF (.nrf_sections_run))
                0x0000000000000000                __nrf_sections_run_size__ = SIZEOF (.nrf_sections_run)
                0x00000000200022f0                __nrf_sections_run_load_end__ = __nrf_sections_run_end__
                0x0000000000000001                . = ASSERT (((__nrf_sections_run_start__ == __nrf_sections_run_end__) || ((__nrf_sections_run_end__ - __RAM1_segment_start__) <= __RAM1_segment_size__)), error: .nrf_sections_run is too large to fit in RAM1 memory segment)
                0x0000000000000000                __reserved_flash_load_start__ = 0x0

.reserved_flash
                0x0000000000000000    0x26000
                0x0000000000000000                __reserved_flash_start__ = .
 *(.reserved_flash .reserved_flash.*)
                0x0000000000026000                . = MAX (((__reserved_flash_start__ + 0x26000) - 0x0), .)
 *fill*         0x0000000000000000    0x26000 
                0x0000000000026000                __reserved_flash_end__ = (__reserved_flash_start__ + SIZEOF (.reserved_flash))
                0x0000000000026000                __reserved_flash_size__ = SIZEOF (.reserved_flash)
                0x0000000000026000                __reserved_flash_load_end__ = __reserved_flash_end__
                0x0000000000000001                . = ASSERT (((__reserved_flash_start__ == __reserved_flash_end__) || ((__reserved_flash_end__ - __FLASH_segment_start__) <= __FLASH_segment_size__)), error: .reserved_flash is too large to fit in FLASH memory segment)
                0x0000000000026000                __vectors_load_start__ = 0x26000

.vectors        0x0000000000026000      0x200
                0x0000000000026000                __vectors_start__ = .
 *(.vectors .vectors.*)
 .vectors       0x0000000000026000      0x200 Output/Release/Obj/ble_app_blinky_pca10040_s132/ses_startup_nrf52.o
                0x0000000000026000                _vectors
                0x0000000000026200                __vectors_end__ = (__vectors_start__ + SIZEOF (.vectors))
                0x0000000000000200                __vectors_size__ = SIZEOF (.vectors)
                0x0000000000026200                __vectors_load_end__ = __vectors_end__
                0x0000000000000001                . = ASSERT (((__vectors_start__ == __vectors_end__) || ((__vectors_end__ - __FLASH_segment_start__) <= __FLASH_segment_size__)), error: .vectors is too large to fit in FLASH memory segment)
                0x0000000000000001                . = ASSERT ((__reserved_flash_end__ <= __vectors_start__), error: section .reserved_flash overlaps absolute placed section .vectors)
                0x0000000000026200                __init_load_start__ = ALIGN (__vectors_end__, 0x4)

.init           0x0000000000026200      0x1d0
                0x0000000000026200                __init_start__ = .
 *(.init .init.*)
 .init          0x0000000000026200      0x15c Output/Release/Obj/ble_app_blinky_pca10040_s132/thumb_crt0.o
                0x0000000000026200                _start
                0x00000000000262b4                exit
 .init          0x000000000002635c       0x18 Output/Release/Obj/ble_app_blinky_pca10040_s132/ses_startup_nrf52.o
                0x000000000002635c                NMI_Handler
                0x000000000002635e                HardFault_Handler
                0x0000000000026360                MemoryManagement_Handler
                0x0000000000026362                BusFault_Handler
                0x0000000000026364                UsageFault_Handler
                0x0000000000026366                SVC_Handler
                0x0000000000026368                DebugMon_Handler
                0x000000000002636a                PendSV_Handler
                0x000000000002636c                SysTick_Handler
                0x000000000002636e                SWI0_EGU0_IRQHandler
                0x000000000002636e                RADIO_IRQHandler
                0x000000000002636e                PDM_IRQHandler
                0x000000000002636e                PWM1_IRQHandler
                0x000000000002636e                QDEC_IRQHandler
                0x000000000002636e                TIMER3_IRQHandler
                0x000000000002636e                RTC0_IRQHandler
                0x000000000002636e                SPIM0_SPIS0_TWIM0_TWIS0_SPI0_TWI0_IRQHandler
                0x000000000002636e                TEMP_IRQHandler
                0x000000000002636e                TIMER4_IRQHandler
                0x000000000002636e                I2S_IRQHandler
                0x000000000002636e                SWI4_EGU4_IRQHandler
                0x000000000002636e                TIMER0_IRQHandler
                0x000000000002636e                Dummy_Handler
                0x000000000002636e                TIMER1_IRQHandler
                0x000000000002636e                PWM2_IRQHandler
                0x000000000002636e                ECB_IRQHandler
                0x000000000002636e                SPIM1_SPIS1_TWIM1_TWIS1_SPI1_TWI1_IRQHandler
                0x000000000002636e                SAADC_IRQHandler
                0x000000000002636e                CCM_AAR_IRQHandler
                0x000000000002636e                WDT_IRQHandler
                0x000000000002636e                FPU_IRQHandler
                0x000000000002636e                SWI5_EGU5_IRQHandler
                0x000000000002636e                RNG_IRQHandler
                0x000000000002636e                RTC2_IRQHandler
                0x000000000002636e                PWM0_IRQHandler
                0x000000000002636e                SWI3_EGU3_IRQHandler
                0x000000000002636e                SWI1_EGU1_IRQHandler
                0x000000000002636e                SPIM2_SPIS2_SPI2_IRQHandler
                0x000000000002636e                NFCT_IRQHandler
                0x000000000002636e                TIMER2_IRQHandler
                0x000000000002636e                MWU_IRQHandler
                0x000000000002636e                COMP_LPCOMP_IRQHandler
                0x0000000000026370                nRFInitialize
 .init          0x0000000000026374       0x5c Output/Release/Obj/ble_app_blinky_pca10040_s132/ses_startup_nrf_common.o
                0x0000000000026374                Reset_Handler
                0x0000000000026378                afterInitialize
                0x000000000002639c                InitializeUserMemorySections
                0x00000000000263d0                __init_end__ = (__init_start__ + SIZEOF (.init))
                0x00000000000001d0                __init_size__ = SIZEOF (.init)
                0x00000000000263d0                __init_load_end__ = __init_end__
                0x0000000000000001                . = ASSERT (((__init_start__ == __init_end__) || ((__init_end__ - __FLASH_segment_start__) <= __FLASH_segment_size__)), error: .init is too large to fit in FLASH memory segment)
                0x00000000000263d0                __init_rodata_load_start__ = ALIGN (__init_end__, 0x4)

.init_rodata    0x00000000000263d0        0x0
                0x00000000000263d0                __init_rodata_start__ = .
 *(.init_rodata .init_rodata.*)
                0x00000000000263d0                __init_rodata_end__ = (__init_rodata_start__ + SIZEOF (.init_rodata))
                0x0000000000000000                __init_rodata_size__ = SIZEOF (.init_rodata)
                0x00000000000263d0                __init_rodata_load_end__ = __init_rodata_end__
                0x0000000000000001                . = ASSERT (((__init_rodata_start__ == __init_rodata_end__) || ((__init_rodata_end__ - __FLASH_segment_start__) <= __FLASH_segment_size__)), error: .init_rodata is too large to fit in FLASH memory segment)
                0x00000000000263d0                __text_load_start__ = ALIGN (__init_rodata_end__, 0x4)

.text           0x00000000000263d0     0x3aae
                0x00000000000263d0                __text_start__ = .
 *(.text .text.* .glue_7t .glue_7 .gnu.linkonce.t.* .gcc_except_table .ARM.extab* .gnu.linkonce.armextab.*)
 .glue_7        0x00000000000263d0        0x0 linker stubs
 .glue_7t       0x00000000000263d0        0x0 linker stubs
 .text.nrf_log_backend_rtt_flush
                0x00000000000263d0        0x2 Output/Release/Obj/ble_app_blinky_pca10040_s132/nrf_log_backend_rtt.o
 *fill*         0x00000000000263d2        0x2 
 .text.nrf_log_backend_rtt_put
                0x00000000000263d4       0x1c Output/Release/Obj/ble_app_blinky_pca10040_s132/nrf_log_backend_rtt.o
 .text.serial_tx
                0x00000000000263f0       0x50 Output/Release/Obj/ble_app_blinky_pca10040_s132/nrf_log_backend_rtt.o
 .text.nrf_log_backend_rtt_panic_set
                0x0000000000026440        0x2 Output/Release/Obj/ble_app_blinky_pca10040_s132/nrf_log_backend_rtt.o
 .text.nrf_log_backend_rtt_init
                0x0000000000026442        0x4 Output/Release/Obj/ble_app_blinky_pca10040_s132/nrf_log_backend_rtt.o
                0x0000000000026442                nrf_log_backend_rtt_init
 .text.nrf_log_backend_serial_put
                0x0000000000026446       0xc2 Output/Release/Obj/ble_app_blinky_pca10040_s132/nrf_log_backend_serial.o
                0x0000000000026446                nrf_log_backend_serial_put
 .text.nrf_log_default_backends_init
                0x0000000000026508       0x20 Output/Release/Obj/ble_app_blinky_pca10040_s132/nrf_log_default_backends.o
                0x0000000000026508                nrf_log_default_backends_init
 .text.invalid_packets_omit
                0x0000000000026528       0x3a Output/Release/Obj/ble_app_blinky_pca10040_s132/nrf_log_frontend.o
 *fill*         0x0000000000026562        0x2 
 .text.buf_prealloc
                0x0000000000026564      0x128 Output/Release/Obj/ble_app_blinky_pca10040_s132/nrf_log_frontend.o
 .text.nrf_log_init
                0x000000000002668c       0x28 Output/Release/Obj/ble_app_blinky_pca10040_s132/nrf_log_frontend.o
                0x000000000002668c                nrf_log_init
 .text.nrf_log_module_name_get
                0x00000000000266b4       0x38 Output/Release/Obj/ble_app_blinky_pca10040_s132/nrf_log_frontend.o
                0x00000000000266b4                nrf_log_module_name_get
 .text.nrf_log_color_id_get
                0x00000000000266ec       0x2c Output/Release/Obj/ble_app_blinky_pca10040_s132/nrf_log_frontend.o
                0x00000000000266ec                nrf_log_color_id_get
 .text.buffer_is_empty
                0x0000000000026718       0x14 Output/Release/Obj/ble_app_blinky_pca10040_s132/nrf_log_frontend.o
                0x0000000000026718                buffer_is_empty
 .text.nrf_log_frontend_dequeue
                0x000000000002672c      0x208 Output/Release/Obj/ble_app_blinky_pca10040_s132/nrf_log_frontend.o
                0x000000000002672c                nrf_log_frontend_dequeue
 .text.std_n    0x0000000000026934       0x8c Output/Release/Obj/ble_app_blinky_pca10040_s132/nrf_log_frontend.o
 .text.nrf_log_frontend_std_0
                0x00000000000269c0        0x8 Output/Release/Obj/ble_app_blinky_pca10040_s132/nrf_log_frontend.o
                0x00000000000269c0                nrf_log_frontend_std_0
 .text.nrf_log_frontend_std_1
                0x00000000000269c8       0x12 Output/Release/Obj/ble_app_blinky_pca10040_s132/nrf_log_frontend.o
                0x00000000000269c8                nrf_log_frontend_std_1
 .text.nrf_log_frontend_std_2
                0x00000000000269da       0x14 Output/Release/Obj/ble_app_blinky_pca10040_s132/nrf_log_frontend.o
                0x00000000000269da                nrf_log_frontend_std_2
 *fill*         0x00000000000269ee        0x2 
 .text.nrf_log_backend_add
                0x00000000000269f0       0x44 Output/Release/Obj/ble_app_blinky_pca10040_s132/nrf_log_frontend.o
                0x00000000000269f0                nrf_log_backend_add
 .text.nrf_log_panic
                0x0000000000026a34       0x28 Output/Release/Obj/ble_app_blinky_pca10040_s132/nrf_log_frontend.o
                0x0000000000026a34                nrf_log_panic
 .text.prefix_process
                0x0000000000026a5c       0x7c Output/Release/Obj/ble_app_blinky_pca10040_s132/nrf_log_str_formatter.o
 .text.postfix_process
                0x0000000000026ad8       0x44 Output/Release/Obj/ble_app_blinky_pca10040_s132/nrf_log_str_formatter.o
 .text.nrf_log_std_entry_process
                0x0000000000026b1c       0xc8 Output/Release/Obj/ble_app_blinky_pca10040_s132/nrf_log_str_formatter.o
                0x0000000000026b1c                nrf_log_std_entry_process
 .text.nrf_log_hexdump_entry_process
                0x0000000000026be4       0xb8 Output/Release/Obj/ble_app_blinky_pca10040_s132/nrf_log_str_formatter.o
                0x0000000000026be4                nrf_log_hexdump_entry_process
 .text.app_error_handler_bare
                0x0000000000026c9c       0x1a Output/Release/Obj/ble_app_blinky_pca10040_s132/app_error.o
                0x0000000000026c9c                app_error_handler_bare
 *fill*         0x0000000000026cb6        0x2 
 .text.app_error_fault_handler
                0x0000000000026cb8       0x6c Output/Release/Obj/ble_app_blinky_pca10040_s132/app_error_weak.o
                0x0000000000026cb8                app_error_fault_handler
 .text.compare_func
                0x0000000000026d24       0x18 Output/Release/Obj/ble_app_blinky_pca10040_s132/app_timer2.o
 .text.get_now  0x0000000000026d3c       0x38 Output/Release/Obj/ble_app_blinky_pca10040_s132/app_timer2.o
 .text.timer_req_schedule
                0x0000000000026d74       0x38 Output/Release/Obj/ble_app_blinky_pca10040_s132/app_timer2.o
 .text.timer_expire
                0x0000000000026dac       0x6c Output/Release/Obj/ble_app_blinky_pca10040_s132/app_timer2.o
 .text.app_timer_init
                0x0000000000026e18       0x64 Output/Release/Obj/ble_app_blinky_pca10040_s132/app_timer2.o
                0x0000000000026e18                app_timer_init
 .text.app_timer_create
                0x0000000000026e7c       0x16 Output/Release/Obj/ble_app_blinky_pca10040_s132/app_timer2.o
                0x0000000000026e7c                app_timer_create
 .text.app_timer_start
                0x0000000000026e92       0x30 Output/Release/Obj/ble_app_blinky_pca10040_s132/app_timer2.o
                0x0000000000026e92                app_timer_start
 .text.app_timer_stop
                0x0000000000026ec2        0xc Output/Release/Obj/ble_app_blinky_pca10040_s132/app_timer2.o
                0x0000000000026ec2                app_timer_stop
 *fill*         0x0000000000026ece        0x2 
 .text.app_timer_cnt_get
                0x0000000000026ed0        0xc Output/Release/Obj/ble_app_blinky_pca10040_s132/app_timer2.o
                0x0000000000026ed0                app_timer_cnt_get
 .text.rtc_irq  0x0000000000026edc      0x190 Output/Release/Obj/ble_app_blinky_pca10040_s132/app_timer2.o
 .text.app_util_critical_region_enter
                0x000000000002706c       0x48 Output/Release/Obj/ble_app_blinky_pca10040_s132/app_util_platform.o
                0x000000000002706c                app_util_critical_region_enter
 .text.app_util_critical_region_exit
                0x00000000000270b4       0x2c Output/Release/Obj/ble_app_blinky_pca10040_s132/app_util_platform.o
                0x00000000000270b4                app_util_critical_region_exit
 .text.evt_pending.isra.0
                0x00000000000270e0       0x1a Output/Release/Obj/ble_app_blinky_pca10040_s132/drv_rtc.o
 *fill*         0x00000000000270fa        0x2 
 .text.drv_rtc_init
                0x00000000000270fc       0xa4 Output/Release/Obj/ble_app_blinky_pca10040_s132/drv_rtc.o
                0x00000000000270fc                drv_rtc_init
 .text.drv_rtc_start
                0x00000000000271a0        0x8 Output/Release/Obj/ble_app_blinky_pca10040_s132/drv_rtc.o
                0x00000000000271a0                drv_rtc_start
 .text.drv_rtc_stop
                0x00000000000271a8        0x8 Output/Release/Obj/ble_app_blinky_pca10040_s132/drv_rtc.o
                0x00000000000271a8                drv_rtc_stop
 .text.drv_rtc_compare_set
                0x00000000000271b0       0x3e Output/Release/Obj/ble_app_blinky_pca10040_s132/drv_rtc.o
                0x00000000000271b0                drv_rtc_compare_set
 *fill*         0x00000000000271ee        0x2 
 .text.drv_rtc_windowed_compare_set
                0x00000000000271f0       0xf0 Output/Release/Obj/ble_app_blinky_pca10040_s132/drv_rtc.o
                0x00000000000271f0                drv_rtc_windowed_compare_set
 .text.drv_rtc_overflow_enable
                0x00000000000272e0       0x10 Output/Release/Obj/ble_app_blinky_pca10040_s132/drv_rtc.o
                0x00000000000272e0                drv_rtc_overflow_enable
 .text.drv_rtc_overflow_pending
                0x00000000000272f0        0xa Output/Release/Obj/ble_app_blinky_pca10040_s132/drv_rtc.o
                0x00000000000272f0                drv_rtc_overflow_pending
 .text.drv_rtc_compare_disable
                0x00000000000272fa       0x14 Output/Release/Obj/ble_app_blinky_pca10040_s132/drv_rtc.o
                0x00000000000272fa                drv_rtc_compare_disable
 .text.drv_rtc_compare_pending
                0x000000000002730e        0xc Output/Release/Obj/ble_app_blinky_pca10040_s132/drv_rtc.o
                0x000000000002730e                drv_rtc_compare_pending
 .text.drv_rtc_counter_get
                0x000000000002731a        0x8 Output/Release/Obj/ble_app_blinky_pca10040_s132/drv_rtc.o
                0x000000000002731a                drv_rtc_counter_get
 *fill*         0x0000000000027322        0x2 
 .text.drv_rtc_irq_trigger
                0x0000000000027324       0x24 Output/Release/Obj/ble_app_blinky_pca10040_s132/drv_rtc.o
                0x0000000000027324                drv_rtc_irq_trigger
 .text.RTC1_IRQHandler
                0x0000000000027348       0x14 Output/Release/Obj/ble_app_blinky_pca10040_s132/drv_rtc.o
                0x0000000000027348                RTC1_IRQHandler
 .text.nrf_atfifo_init
                0x000000000002735c       0x26 Output/Release/Obj/ble_app_blinky_pca10040_s132/nrf_atfifo.o
                0x000000000002735c                nrf_atfifo_init
 .text.nrf_atfifo_item_alloc
                0x0000000000027382       0x54 Output/Release/Obj/ble_app_blinky_pca10040_s132/nrf_atfifo.o
                0x0000000000027382                nrf_atfifo_item_alloc
 .text.nrf_atfifo_item_put
                0x00000000000273d6       0x20 Output/Release/Obj/ble_app_blinky_pca10040_s132/nrf_atfifo.o
                0x00000000000273d6                nrf_atfifo_item_put
 .text.nrf_atfifo_item_get
                0x00000000000273f6       0x56 Output/Release/Obj/ble_app_blinky_pca10040_s132/nrf_atfifo.o
                0x00000000000273f6                nrf_atfifo_item_get
 .text.nrf_atfifo_item_free
                0x000000000002744c       0x20 Output/Release/Obj/ble_app_blinky_pca10040_s132/nrf_atfifo.o
                0x000000000002744c                nrf_atfifo_item_free
 .text.nrf_atflags_set
                0x000000000002746c       0x12 Output/Release/Obj/ble_app_blinky_pca10040_s132/nrf_atflags.o
                0x000000000002746c                nrf_atflags_set
 .text.nrf_atflags_clear
                0x000000000002747e       0x14 Output/Release/Obj/ble_app_blinky_pca10040_s132/nrf_atflags.o
                0x000000000002747e                nrf_atflags_clear
 .text.nrf_atflags_get
                0x0000000000027492       0x12 Output/Release/Obj/ble_app_blinky_pca10040_s132/nrf_atflags.o
                0x0000000000027492                nrf_atflags_get
 .text.nrf_atomic_u32_fetch_store
                0x00000000000274a4       0x16 Output/Release/Obj/ble_app_blinky_pca10040_s132/nrf_atomic.o
                0x00000000000274a4                nrf_atomic_u32_fetch_store
 .text.nrf_atomic_u32_or
                0x00000000000274ba       0x18 Output/Release/Obj/ble_app_blinky_pca10040_s132/nrf_atomic.o
                0x00000000000274ba                nrf_atomic_u32_or
 .text.nrf_atomic_u32_fetch_and
                0x00000000000274d2       0x18 Output/Release/Obj/ble_app_blinky_pca10040_s132/nrf_atomic.o
                0x00000000000274d2                nrf_atomic_u32_fetch_and
 .text.nrf_atomic_u32_and
                0x00000000000274ea       0x18 Output/Release/Obj/ble_app_blinky_pca10040_s132/nrf_atomic.o
                0x00000000000274ea                nrf_atomic_u32_and
 .text.nrf_atomic_u32_add
                0x0000000000027502       0x18 Output/Release/Obj/ble_app_blinky_pca10040_s132/nrf_atomic.o
                0x0000000000027502                nrf_atomic_u32_add
 .text.nrf_atomic_u32_sub
                0x000000000002751a       0x18 Output/Release/Obj/ble_app_blinky_pca10040_s132/nrf_atomic.o
                0x000000000002751a                nrf_atomic_u32_sub
 .text.nrf_atomic_flag_set
                0x0000000000027532        0x6 Output/Release/Obj/ble_app_blinky_pca10040_s132/nrf_atomic.o
                0x0000000000027532                nrf_atomic_flag_set
 .text.nrf_atomic_flag_clear_fetch
                0x0000000000027538        0x6 Output/Release/Obj/ble_app_blinky_pca10040_s132/nrf_atomic.o
                0x0000000000027538                nrf_atomic_flag_clear_fetch
 .text.nrf_balloc_init
                0x000000000002753e       0x2e Output/Release/Obj/ble_app_blinky_pca10040_s132/nrf_balloc.o
                0x000000000002753e                nrf_balloc_init
 .text.nrf_balloc_alloc
                0x000000000002756c       0x48 Output/Release/Obj/ble_app_blinky_pca10040_s132/nrf_balloc.o
                0x000000000002756c                nrf_balloc_alloc
 .text.nrf_balloc_free
                0x00000000000275b4       0x34 Output/Release/Obj/ble_app_blinky_pca10040_s132/nrf_balloc.o
                0x00000000000275b4                nrf_balloc_free
 .text.nrf_fprintf_buffer_flush
                0x00000000000275e8       0x16 Output/Release/Obj/ble_app_blinky_pca10040_s132/nrf_fprintf.o
                0x00000000000275e8                nrf_fprintf_buffer_flush
 .text.nrf_fprintf
                0x00000000000275fe       0x1c Output/Release/Obj/ble_app_blinky_pca10040_s132/nrf_fprintf.o
                0x00000000000275fe                nrf_fprintf
 .text.buffer_add
                0x000000000002761a       0x2e Output/Release/Obj/ble_app_blinky_pca10040_s132/nrf_fprintf_format.o
 .text.unsigned_print
                0x0000000000027648       0xb4 Output/Release/Obj/ble_app_blinky_pca10040_s132/nrf_fprintf_format.o
 .text.nrf_fprintf_fmt
                0x00000000000276fc      0x294 Output/Release/Obj/ble_app_blinky_pca10040_s132/nrf_fprintf_format.o
                0x00000000000276fc                nrf_fprintf_fmt
 .text.memobj_op
                0x0000000000027990       0x86 Output/Release/Obj/ble_app_blinky_pca10040_s132/nrf_memobj.o
 .text.nrf_memobj_pool_init
                0x0000000000027a16        0x4 Output/Release/Obj/ble_app_blinky_pca10040_s132/nrf_memobj.o
                0x0000000000027a16                nrf_memobj_pool_init
 .text.nrf_memobj_free
                0x0000000000027a1a       0x2c Output/Release/Obj/ble_app_blinky_pca10040_s132/nrf_memobj.o
                0x0000000000027a1a                nrf_memobj_free
 .text.nrf_memobj_alloc
                0x0000000000027a46       0x5e Output/Release/Obj/ble_app_blinky_pca10040_s132/nrf_memobj.o
                0x0000000000027a46                nrf_memobj_alloc
 .text.nrf_memobj_get
                0x0000000000027aa4        0x8 Output/Release/Obj/ble_app_blinky_pca10040_s132/nrf_memobj.o
                0x0000000000027aa4                nrf_memobj_get
 .text.nrf_memobj_put
                0x0000000000027aac       0x1c Output/Release/Obj/ble_app_blinky_pca10040_s132/nrf_memobj.o
                0x0000000000027aac                nrf_memobj_put
 .text.nrf_memobj_write
                0x0000000000027ac8       0x14 Output/Release/Obj/ble_app_blinky_pca10040_s132/nrf_memobj.o
                0x0000000000027ac8                nrf_memobj_write
 .text.nrf_memobj_read
                0x0000000000027adc       0x14 Output/Release/Obj/ble_app_blinky_pca10040_s132/nrf_memobj.o
                0x0000000000027adc                nrf_memobj_read
 .text.sd_app_evt_wait
                0x0000000000027af0        0x4 Output/Release/Obj/ble_app_blinky_pca10040_s132/nrf_pwr_mgmt.o
 .text.nrf_pwr_mgmt_init
                0x0000000000027af4       0x2c Output/Release/Obj/ble_app_blinky_pca10040_s132/nrf_pwr_mgmt.o
                0x0000000000027af4                nrf_pwr_mgmt_init
 .text.nrf_pwr_mgmt_run
                0x0000000000027b20       0x50 Output/Release/Obj/ble_app_blinky_pca10040_s132/nrf_pwr_mgmt.o
                0x0000000000027b20                nrf_pwr_mgmt_run
 .text.nrf_ringbuf_init
                0x0000000000027b70       0x12 Output/Release/Obj/ble_app_blinky_pca10040_s132/nrf_ringbuf.o
                0x0000000000027b70                nrf_ringbuf_init
 .text.nrf_section_iter_init
                0x0000000000027b82       0x14 Output/Release/Obj/ble_app_blinky_pca10040_s132/nrf_section_iter.o
                0x0000000000027b82                nrf_section_iter_init
 .text.nrf_section_iter_next
                0x0000000000027b96       0x18 Output/Release/Obj/ble_app_blinky_pca10040_s132/nrf_section_iter.o
                0x0000000000027b96                nrf_section_iter_next
 .text.nrf_sortlist_add
                0x0000000000027bae       0x20 Output/Release/Obj/ble_app_blinky_pca10040_s132/nrf_sortlist.o
                0x0000000000027bae                nrf_sortlist_add
 .text.nrf_sortlist_pop
                0x0000000000027bce        0xc Output/Release/Obj/ble_app_blinky_pca10040_s132/nrf_sortlist.o
                0x0000000000027bce                nrf_sortlist_pop
 .text.nrf_sortlist_peek
                0x0000000000027bda        0x6 Output/Release/Obj/ble_app_blinky_pca10040_s132/nrf_sortlist.o
                0x0000000000027bda                nrf_sortlist_peek
 .text.nrf_sortlist_remove
                0x0000000000027be0       0x1a Output/Release/Obj/ble_app_blinky_pca10040_s132/nrf_sortlist.o
                0x0000000000027be0                nrf_sortlist_remove
 *fill*         0x0000000000027bfa        0x2 
 .text.nrf_strerror_find
                0x0000000000027bfc       0x3c Output/Release/Obj/ble_app_blinky_pca10040_s132/nrf_strerror.o
                0x0000000000027bfc                nrf_strerror_find
 .text.nrf_strerror_get
                0x0000000000027c38       0x14 Output/Release/Obj/ble_app_blinky_pca10040_s132/nrf_strerror.o
                0x0000000000027c38                nrf_strerror_get
 .text.nrf52_errata_12
                0x0000000000027c4c       0x1c Output/Release/Obj/ble_app_blinky_pca10040_s132/system_nrf52.o
 .text.nrf52_errata_16
                0x0000000000027c68       0x28 Output/Release/Obj/ble_app_blinky_pca10040_s132/system_nrf52.o
 .text.SystemInit
                0x0000000000027c90      0x280 Output/Release/Obj/ble_app_blinky_pca10040_s132/system_nrf52.o
                0x0000000000027c90                SystemInit
 .text.bsp_board_led_on
                0x0000000000027f10        0xe Output/Release/Obj/ble_app_blinky_pca10040_s132/boards.o
                0x0000000000027f10                bsp_board_led_on
 .text.bsp_board_led_off
                0x0000000000027f1e        0xe Output/Release/Obj/ble_app_blinky_pca10040_s132/boards.o
                0x0000000000027f1e                bsp_board_led_off
 .text.bsp_board_leds_off
                0x0000000000027f2c        0xe Output/Release/Obj/ble_app_blinky_pca10040_s132/boards.o
                0x0000000000027f2c                bsp_board_leds_off
 .text.bsp_board_init
                0x0000000000027f3a       0x24 Output/Release/Obj/ble_app_blinky_pca10040_s132/boards.o
                0x0000000000027f3a                bsp_board_init
 *fill*         0x0000000000027f5e        0x2 
 .text.clock_clk_started_notify
                0x0000000000027f60       0x24 Output/Release/Obj/ble_app_blinky_pca10040_s132/nrf_drv_clock.o
 .text.clock_irq_handler
                0x0000000000027f84       0x1c Output/Release/Obj/ble_app_blinky_pca10040_s132/nrf_drv_clock.o
 .text.soc_evt_handler
                0x0000000000027fa0       0x14 Output/Release/Obj/ble_app_blinky_pca10040_s132/nrf_drv_clock.o
 .text.nrf_drv_clock_init
                0x0000000000027fb4       0x48 Output/Release/Obj/ble_app_blinky_pca10040_s132/nrf_drv_clock.o
                0x0000000000027fb4                nrf_drv_clock_init
 .text.nrf_drv_clock_lfclk_release
                0x0000000000027ffc       0x40 Output/Release/Obj/ble_app_blinky_pca10040_s132/nrf_drv_clock.o
                0x0000000000027ffc                nrf_drv_clock_lfclk_release
 .text.sd_state_evt_handler
                0x000000000002803c       0x64 Output/Release/Obj/ble_app_blinky_pca10040_s132/nrf_drv_clock.o
 .text.nrf_clock_event_clear
                0x00000000000280a0       0x14 Output/Release/Obj/ble_app_blinky_pca10040_s132/nrfx_clock.o
 .text.nrfx_clock_init
                0x00000000000280b4       0x18 Output/Release/Obj/ble_app_blinky_pca10040_s132/nrfx_clock.o
                0x00000000000280b4                nrfx_clock_init
 .text.nrfx_clock_enable
                0x00000000000280cc       0x24 Output/Release/Obj/ble_app_blinky_pca10040_s132/nrfx_clock.o
                0x00000000000280cc                nrfx_clock_enable
 .text.nrfx_clock_lfclk_stop
                0x00000000000280f0       0x22 Output/Release/Obj/ble_app_blinky_pca10040_s132/nrfx_clock.o
                0x00000000000280f0                nrfx_clock_lfclk_stop
 *fill*         0x0000000000028112        0x2 
 .text.POWER_CLOCK_IRQHandler
                0x0000000000028114       0x50 Output/Release/Obj/ble_app_blinky_pca10040_s132/nrfx_clock.o
                0x0000000000028114                POWER_CLOCK_IRQHandler
 .text.nrf_gpiote_event_clear
                0x0000000000028164       0x18 Output/Release/Obj/ble_app_blinky_pca10040_s132/nrfx_gpiote.o
 .text.nrf_gpio_cfg_sense_set
                0x000000000002817c       0x20 Output/Release/Obj/ble_app_blinky_pca10040_s132/nrfx_gpiote.o
 .text.GPIOTE_IRQHandler
                0x000000000002819c      0x14c Output/Release/Obj/ble_app_blinky_pca10040_s132/nrfx_gpiote.o
                0x000000000002819c                GPIOTE_IRQHandler
 .text.UARTE0_UART0_IRQHandler
                0x00000000000282e8        0xc Output/Release/Obj/ble_app_blinky_pca10040_s132/nrfx_prs.o
                0x00000000000282e8                UARTE0_UART0_IRQHandler
 .text.sd_ble_gap_disconnect
                0x00000000000282f4        0x4 Output/Release/Obj/ble_app_blinky_pca10040_s132/main.o
 .text.sd_ble_gap_ppcp_set
                0x00000000000282f8        0x4 Output/Release/Obj/ble_app_blinky_pca10040_s132/main.o
 .text.sd_ble_gap_device_name_set
                0x00000000000282fc        0x4 Output/Release/Obj/ble_app_blinky_pca10040_s132/main.o
 .text.sd_ble_gap_sec_params_reply
                0x0000000000028300        0x4 Output/Release/Obj/ble_app_blinky_pca10040_s132/main.o
 .text.sd_ble_gap_phy_update
                0x0000000000028304        0x4 Output/Release/Obj/ble_app_blinky_pca10040_s132/main.o
 .text.sd_ble_gatts_sys_attr_set
                0x0000000000028308        0x4 Output/Release/Obj/ble_app_blinky_pca10040_s132/main.o
 .text.sd_power_mode_set
                0x000000000002830c        0x4 Output/Release/Obj/ble_app_blinky_pca10040_s132/main.o
 .text.sd_power_dcdc_mode_set
                0x0000000000028310        0x4 Output/Release/Obj/ble_app_blinky_pca10040_s132/main.o
 .text.nrf_qwr_error_handler
                0x0000000000028314        0x4 Output/Release/Obj/ble_app_blinky_pca10040_s132/main.o
 .text.acc_handler
                0x0000000000028318        0x4 Output/Release/Obj/ble_app_blinky_pca10040_s132/main.o
 .text.measure_led_delay_timer_handler
                0x000000000002831c        0x6 Output/Release/Obj/ble_app_blinky_pca10040_s132/main.o
 *fill*         0x0000000000028322        0x2 
 .text.LIS2DW_handler
                0x0000000000028324       0x1c Output/Release/Obj/ble_app_blinky_pca10040_s132/main.o
 .text.ble_evt_handler
                0x0000000000028340       0xe0 Output/Release/Obj/ble_app_blinky_pca10040_s132/main.o
 .text.on_conn_params_evt
                0x0000000000028420       0x20 Output/Release/Obj/ble_app_blinky_pca10040_s132/main.o
 .text.bsp_event_callback
                0x0000000000028440       0x3c Output/Release/Obj/ble_app_blinky_pca10040_s132/main.o
 .text.led_write_handler
                0x000000000002847c       0x3c Output/Release/Obj/ble_app_blinky_pca10040_s132/main.o
 .text.conn_params_error_handler
                0x00000000000284b8        0x4 Output/Release/Obj/ble_app_blinky_pca10040_s132/main.o
 .text.startup.main
                0x00000000000284bc      0x1cc Output/Release/Obj/ble_app_blinky_pca10040_s132/main.o
                0x00000000000284bc                main
 .text.sd_ble_gap_adv_set_configure
                0x0000000000028688        0x4 Output/Release/Obj/ble_app_blinky_pca10040_s132/advertiser.o
 .text.sd_ble_gap_adv_start
                0x000000000002868c        0x4 Output/Release/Obj/ble_app_blinky_pca10040_s132/advertiser.o
 .text.sd_ble_gap_adv_stop
                0x0000000000028690        0x4 Output/Release/Obj/ble_app_blinky_pca10040_s132/advertiser.o
 .text.sd_radio_notification_cfg_set
                0x0000000000028694        0x4 Output/Release/Obj/ble_app_blinky_pca10040_s132/advertiser.o
 .text.advertising_encode_adv_data
                0x0000000000028698       0xb8 Output/Release/Obj/ble_app_blinky_pca10040_s132/advertiser.o
 .text.ble_on_radio_active_evt
                0x0000000000028750       0x20 Output/Release/Obj/ble_app_blinky_pca10040_s132/advertiser.o
 .text.advertising_init
                0x0000000000028770       0xd8 Output/Release/Obj/ble_app_blinky_pca10040_s132/advertiser.o
                0x0000000000028770                advertising_init
 .text.advertising_start
                0x0000000000028848       0x84 Output/Release/Obj/ble_app_blinky_pca10040_s132/advertiser.o
                0x0000000000028848                advertising_start
 .text._GetAvailWriteSpace
                0x00000000000288cc       0x12 Output/Release/Obj/ble_app_blinky_pca10040_s132/SEGGER_RTT.o
 .text._WriteNoCheck
                0x00000000000288de       0x38 Output/Release/Obj/ble_app_blinky_pca10040_s132/SEGGER_RTT.o
 .text._WriteBlocking
                0x0000000000028916       0x52 Output/Release/Obj/ble_app_blinky_pca10040_s132/SEGGER_RTT.o
 .text._DoInit  0x0000000000028968       0x60 Output/Release/Obj/ble_app_blinky_pca10040_s132/SEGGER_RTT.o
 .text.SEGGER_RTT_WriteNoLock
                0x00000000000289c8       0x60 Output/Release/Obj/ble_app_blinky_pca10040_s132/SEGGER_RTT.o
                0x00000000000289c8                SEGGER_RTT_WriteNoLock
 .text.SEGGER_RTT_Init
                0x0000000000028a28        0x4 Output/Release/Obj/ble_app_blinky_pca10040_s132/SEGGER_RTT.o
                0x0000000000028a28                SEGGER_RTT_Init
 .text.sd_ble_gap_addr_get
                0x0000000000028a2c        0x4 Output/Release/Obj/ble_app_blinky_pca10040_s132/ble_advdata.o
 .text.sd_ble_gap_appearance_get
                0x0000000000028a30        0x4 Output/Release/Obj/ble_app_blinky_pca10040_s132/ble_advdata.o
 .text.sd_ble_gap_device_name_get
                0x0000000000028a34        0x4 Output/Release/Obj/ble_app_blinky_pca10040_s132/ble_advdata.o
 .text.sd_ble_uuid_encode
                0x0000000000028a38        0x4 Output/Release/Obj/ble_app_blinky_pca10040_s132/ble_advdata.o
 .text.uuid_list_sized_encode
                0x0000000000028a3c       0xac Output/Release/Obj/ble_app_blinky_pca10040_s132/ble_advdata.o
 .text.uuid_list_encode
                0x0000000000028ae8       0x38 Output/Release/Obj/ble_app_blinky_pca10040_s132/ble_advdata.o
 .text.ble_advdata_encode
                0x0000000000028b20      0x392 Output/Release/Obj/ble_app_blinky_pca10040_s132/ble_advdata.o
                0x0000000000028b20                ble_advdata_encode
 .text.sd_ble_gap_conn_param_update
                0x0000000000028eb2        0x4 Output/Release/Obj/ble_app_blinky_pca10040_s132/ble_conn_params.o
 .text.sd_ble_gap_disconnect
                0x0000000000028eb6        0x4 Output/Release/Obj/ble_app_blinky_pca10040_s132/ble_conn_params.o
 .text.sd_ble_gap_ppcp_set
                0x0000000000028eba        0x4 Output/Release/Obj/ble_app_blinky_pca10040_s132/ble_conn_params.o
 .text.sd_ble_gap_ppcp_get
                0x0000000000028ebe        0x4 Output/Release/Obj/ble_app_blinky_pca10040_s132/ble_conn_params.o
 *fill*         0x0000000000028ec2        0x2 
 .text.instance_get
                0x0000000000028ec4       0x14 Output/Release/Obj/ble_app_blinky_pca10040_s132/ble_conn_params.o
 .text.send_error_evt
                0x0000000000028ed8       0x10 Output/Release/Obj/ble_app_blinky_pca10040_s132/ble_conn_params.o
 .text.update_timeout_handler
                0x0000000000028ee8       0x70 Output/Release/Obj/ble_app_blinky_pca10040_s132/ble_conn_params.o
 .text.conn_params_negotiation
                0x0000000000028f58       0x48 Output/Release/Obj/ble_app_blinky_pca10040_s132/ble_conn_params.o
 .text.is_conn_params_ok.constprop.0
                0x0000000000028fa0       0x32 Output/Release/Obj/ble_app_blinky_pca10040_s132/ble_conn_params.o
 *fill*         0x0000000000028fd2        0x2 
 .text.ble_evt_handler
                0x0000000000028fd4       0xe0 Output/Release/Obj/ble_app_blinky_pca10040_s132/ble_conn_params.o
 .text.ble_conn_params_init
                0x00000000000290b4       0x74 Output/Release/Obj/ble_app_blinky_pca10040_s132/ble_conn_params.o
                0x00000000000290b4                ble_conn_params_init
 .text.flag_toggle
                0x0000000000029128        0xa Output/Release/Obj/ble_app_blinky_pca10040_s132/ble_conn_state.o
 .text.conn_handle_list_get
                0x0000000000029132       0x2e Output/Release/Obj/ble_app_blinky_pca10040_s132/ble_conn_state.o
                0x0000000000029132                conn_handle_list_get
 .text.ble_evt_handler
                0x0000000000029160      0x110 Output/Release/Obj/ble_app_blinky_pca10040_s132/ble_conn_state.o
 .text.sd_ble_gatts_characteristic_add
                0x0000000000029270        0x4 Output/Release/Obj/ble_app_blinky_pca10040_s132/ble_srv_common.o
 .text.set_security_req
                0x0000000000029274       0x2a Output/Release/Obj/ble_app_blinky_pca10040_s132/ble_srv_common.o
 .text.ble_srv_is_notification_enabled
                0x000000000002929e        0x8 Output/Release/Obj/ble_app_blinky_pca10040_s132/ble_srv_common.o
                0x000000000002929e                ble_srv_is_notification_enabled
 .text.characteristic_add
                0x00000000000292a6      0x154 Output/Release/Obj/ble_app_blinky_pca10040_s132/ble_srv_common.o
                0x00000000000292a6                characteristic_add
 .text.sd_ble_gap_data_length_update
                0x00000000000293fa        0x4 Output/Release/Obj/ble_app_blinky_pca10040_s132/nrf_ble_gatt.o
 .text.sd_ble_gattc_exchange_mtu_request
                0x00000000000293fe        0x4 Output/Release/Obj/ble_app_blinky_pca10040_s132/nrf_ble_gatt.o
 .text.sd_ble_gatts_exchange_mtu_reply
                0x0000000000029402        0x4 Output/Release/Obj/ble_app_blinky_pca10040_s132/nrf_ble_gatt.o
 *fill*         0x0000000000029406        0x2 
 .text.data_length_update
                0x0000000000029408       0x84 Output/Release/Obj/ble_app_blinky_pca10040_s132/nrf_ble_gatt.o
 .text.nrf_ble_gatt_init
                0x000000000002948c       0x26 Output/Release/Obj/ble_app_blinky_pca10040_s132/nrf_ble_gatt.o
                0x000000000002948c                nrf_ble_gatt_init
 *fill*         0x00000000000294b2        0x2 
 .text.nrf_ble_gatt_on_ble_evt
                0x00000000000294b4      0x1ac Output/Release/Obj/ble_app_blinky_pca10040_s132/nrf_ble_gatt.o
                0x00000000000294b4                nrf_ble_gatt_on_ble_evt
 .text.sd_ble_gatts_rw_authorize_reply
                0x0000000000029660        0x4 Output/Release/Obj/ble_app_blinky_pca10040_s132/nrf_ble_qwr.o
 .text.sd_ble_user_mem_reply
                0x0000000000029664        0x4 Output/Release/Obj/ble_app_blinky_pca10040_s132/nrf_ble_qwr.o
 .text.user_mem_reply.part.0
                0x0000000000029668       0x24 Output/Release/Obj/ble_app_blinky_pca10040_s132/nrf_ble_qwr.o
 .text.nrf_ble_qwr_init
                0x000000000002968c       0x24 Output/Release/Obj/ble_app_blinky_pca10040_s132/nrf_ble_qwr.o
                0x000000000002968c                nrf_ble_qwr_init
 .text.nrf_ble_qwr_conn_handle_assign
                0x00000000000296b0       0x16 Output/Release/Obj/ble_app_blinky_pca10040_s132/nrf_ble_qwr.o
                0x00000000000296b0                nrf_ble_qwr_conn_handle_assign
 .text.nrf_ble_qwr_on_ble_evt
                0x00000000000296c6       0xa6 Output/Release/Obj/ble_app_blinky_pca10040_s132/nrf_ble_qwr.o
                0x00000000000296c6                nrf_ble_qwr_on_ble_evt
 .text.sd_ble_gatts_service_add
                0x000000000002976c        0x4 Output/Release/Obj/ble_app_blinky_pca10040_s132/ble_lbs.o
 .text.sd_ble_uuid_vs_add
                0x0000000000029770        0x4 Output/Release/Obj/ble_app_blinky_pca10040_s132/ble_lbs.o
 .text.ble_lbs_on_ble_evt
                0x0000000000029774       0x2a Output/Release/Obj/ble_app_blinky_pca10040_s132/ble_lbs.o
                0x0000000000029774                ble_lbs_on_ble_evt
 *fill*         0x000000000002979e        0x2 
 .text.ble_lbs_init
                0x00000000000297a0       0xdc Output/Release/Obj/ble_app_blinky_pca10040_s132/ble_lbs.o
                0x00000000000297a0                ble_lbs_init
 .text.sd_softdevice_enable
                0x000000000002987c        0x4 Output/Release/Obj/ble_app_blinky_pca10040_s132/nrf_sdh.o
 .text.sdh_request_observer_notify
                0x0000000000029880       0x30 Output/Release/Obj/ble_app_blinky_pca10040_s132/nrf_sdh.o
 .text.sdh_state_observer_notify
                0x00000000000298b0       0x28 Output/Release/Obj/ble_app_blinky_pca10040_s132/nrf_sdh.o
 .text.softdevices_evt_irq_enable
                0x00000000000298d8       0x38 Output/Release/Obj/ble_app_blinky_pca10040_s132/nrf_sdh.o
 .text.nrf_sdh_enable_request
                0x0000000000029910       0x7c Output/Release/Obj/ble_app_blinky_pca10040_s132/nrf_sdh.o
                0x0000000000029910                nrf_sdh_enable_request
 .text.nrf_sdh_is_enabled
                0x000000000002998c        0xc Output/Release/Obj/ble_app_blinky_pca10040_s132/nrf_sdh.o
                0x000000000002998c                nrf_sdh_is_enabled
 .text.nrf_sdh_evts_poll
                0x0000000000029998       0x28 Output/Release/Obj/ble_app_blinky_pca10040_s132/nrf_sdh.o
                0x0000000000029998                nrf_sdh_evts_poll
 .text.SWI2_EGU2_IRQHandler
                0x00000000000299c0        0x4 Output/Release/Obj/ble_app_blinky_pca10040_s132/nrf_sdh.o
                0x00000000000299c0                SWI2_EGU2_IRQHandler
 .text.sd_ble_enable
                0x00000000000299c4        0x4 Output/Release/Obj/ble_app_blinky_pca10040_s132/nrf_sdh_ble.o
 .text.sd_ble_cfg_set
                0x00000000000299c8        0x4 Output/Release/Obj/ble_app_blinky_pca10040_s132/nrf_sdh_ble.o
 .text.sd_ble_evt_get
                0x00000000000299cc        0x4 Output/Release/Obj/ble_app_blinky_pca10040_s132/nrf_sdh_ble.o
 .text.nrf_sdh_ble_evts_poll
                0x00000000000299d0       0x58 Output/Release/Obj/ble_app_blinky_pca10040_s132/nrf_sdh_ble.o
 .text.nrf_sdh_ble_default_cfg_set
                0x0000000000029a28      0x164 Output/Release/Obj/ble_app_blinky_pca10040_s132/nrf_sdh_ble.o
                0x0000000000029a28                nrf_sdh_ble_default_cfg_set
 .text.nrf_sdh_ble_enable
                0x0000000000029b8c       0x98 Output/Release/Obj/ble_app_blinky_pca10040_s132/nrf_sdh_ble.o
                0x0000000000029b8c                nrf_sdh_ble_enable
 .text.sd_evt_get
                0x0000000000029c24        0x4 Output/Release/Obj/ble_app_blinky_pca10040_s132/nrf_sdh_soc.o
 .text.nrf_sdh_soc_evts_poll
                0x0000000000029c28       0x40 Output/Release/Obj/ble_app_blinky_pca10040_s132/nrf_sdh_soc.o
 .text.libc.__RAL_ascii_isctype
                0x0000000000029c68       0x1c D:/sse/lib/libc_v7em_fpv4_sp_d16_hard_t_le_eabi.a(libc2.o)
 .text.libc.__RAL_ascii_toupper
                0x0000000000029c84        0xc D:/sse/lib/libc_v7em_fpv4_sp_d16_hard_t_le_eabi.a(libc2.o)
 .text.libc.__RAL_ascii_tolower
                0x0000000000029c90        0xc D:/sse/lib/libc_v7em_fpv4_sp_d16_hard_t_le_eabi.a(libc2.o)
 .text.libc.__RAL_ascii_iswctype
                0x0000000000029c9c       0x1c D:/sse/lib/libc_v7em_fpv4_sp_d16_hard_t_le_eabi.a(libc2.o)
 .text.libc.__RAL_ascii_towupper
                0x0000000000029cb8        0xc D:/sse/lib/libc_v7em_fpv4_sp_d16_hard_t_le_eabi.a(libc2.o)
 .text.libc.__RAL_ascii_towlower
                0x0000000000029cc4        0xc D:/sse/lib/libc_v7em_fpv4_sp_d16_hard_t_le_eabi.a(libc2.o)
 .text.libc.__RAL_ascii_wctomb
                0x0000000000029cd0        0xe D:/sse/lib/libc_v7em_fpv4_sp_d16_hard_t_le_eabi.a(libc2.o)
                0x0000000000029cd0                __RAL_ascii_wctomb
 .text.libc.__RAL_ascii_mbtowc
                0x0000000000029cde       0x24 D:/sse/lib/libc_v7em_fpv4_sp_d16_hard_t_le_eabi.a(libc2.o)
                0x0000000000029cde                __RAL_ascii_mbtowc
 *fill*         0x0000000000029d02        0x2 
 .text.libc.__RAL_isctype
                0x0000000000029d04       0x14 D:/sse/lib/libc_v7em_fpv4_sp_d16_hard_t_le_eabi.a(libc2.o)
                0x0000000000029d04                __RAL_isctype
 .text.libc.isprint
                0x0000000000029d18        0xa D:/sse/lib/libc_v7em_fpv4_sp_d16_hard_t_le_eabi.a(libc2.o)
                0x0000000000029d18                isprint
 .text.libc.memcpy
                0x0000000000029d22       0x52 D:/sse/lib/libc_v7em_fpv4_sp_d16_hard_t_le_eabi.a(libc2_asm.o)
                0x0000000000029d22                __aeabi_memcpy
                0x0000000000029d22                memcpy
                0x0000000000029d2e                __aeabi_memcpy8
                0x0000000000029d2e                __aeabi_memcpy4
 .text.libc.memset
                0x0000000000029d74       0x66 D:/sse/lib/libc_v7em_fpv4_sp_d16_hard_t_le_eabi.a(libc2_asm.o)
                0x0000000000029d74                memset
 .text.libc.strcpy
                0x0000000000029dda       0x44 D:/sse/lib/libc_v7em_fpv4_sp_d16_hard_t_le_eabi.a(libc2_asm.o)
                0x0000000000029dda                strcpy
 .text.libc.strlen
                0x0000000000029e1e       0x60 D:/sse/lib/libc_v7em_fpv4_sp_d16_hard_t_le_eabi.a(libc2_asm.o)
                0x0000000000029e1e                strlen
                0x0000000000029e7e                __text_end__ = (__text_start__ + SIZEOF (.text))
                0x0000000000003aae                __text_size__ = SIZEOF (.text)
                0x0000000000029e7e                __text_load_end__ = __text_end__

.vfp11_veneer   0x0000000100000000        0x0
 .vfp11_veneer  0x0000000100000000        0x0 linker stubs

.v4_bx          0x0000000100000000        0x0
 .v4_bx         0x0000000100000000        0x0 linker stubs

.iplt           0x0000000100000000        0x0
 .iplt          0x0000000100000000        0x0 Output/Release/Obj/ble_app_blinky_pca10040_s132/thumb_crt0.o
                0x0000000000000001                . = ASSERT (((__text_start__ == __text_end__) || ((__text_end__ - __FLASH_segment_start__) <= __FLASH_segment_size__)), error: .text is too large to fit in FLASH memory segment)
                0x0000000000029e80                __sdh_soc_observers_load_start__ = ALIGN (__text_end__, 0x4)

.sdh_soc_observers
                0x0000000000029e80        0x8
                0x0000000000029e80                __sdh_soc_observers_start__ = .
                0x0000000000029e80                __start_sdh_soc_observers = __sdh_soc_observers_start__
 *(SORT_BY_NAME(.sdh_soc_observers*))
 .sdh_soc_observers0
                0x0000000000029e80        0x8 Output/Release/Obj/ble_app_blinky_pca10040_s132/nrf_drv_clock.o
                0x0000000000029e88                __sdh_soc_observers_end__ = (__sdh_soc_observers_start__ + SIZEOF (.sdh_soc_observers))
                0x0000000000000008                __sdh_soc_observers_size__ = SIZEOF (.sdh_soc_observers)
                0x0000000000029e88                __stop_sdh_soc_observers = __sdh_soc_observers_end__
                0x0000000000029e88                __sdh_soc_observers_load_end__ = __sdh_soc_observers_end__
                0x0000000000000001                . = ASSERT (((__sdh_soc_observers_start__ == __sdh_soc_observers_end__) || ((__sdh_soc_observers_end__ - __FLASH_segment_start__) <= __FLASH_segment_size__)), error: .sdh_soc_observers is too large to fit in FLASH memory segment)
                0x0000000000029e88                __pwr_mgmt_data_load_start__ = ALIGN (__sdh_soc_observers_end__, 0x4)

.pwr_mgmt_data  0x0000000000029e88        0x0
                0x0000000000029e88                __pwr_mgmt_data_start__ = .
                0x0000000000029e88                __start_pwr_mgmt_data = __pwr_mgmt_data_start__
 *(SORT_BY_NAME(.pwr_mgmt_data*))
                0x0000000000029e88                __pwr_mgmt_data_end__ = (__pwr_mgmt_data_start__ + SIZEOF (.pwr_mgmt_data))
                0x0000000000000000                __pwr_mgmt_data_size__ = SIZEOF (.pwr_mgmt_data)
                0x0000000000029e88                __stop_pwr_mgmt_data = __pwr_mgmt_data_end__
                0x0000000000029e88                __pwr_mgmt_data_load_end__ = __pwr_mgmt_data_end__
                0x0000000000000001                . = ASSERT (((__pwr_mgmt_data_start__ == __pwr_mgmt_data_end__) || ((__pwr_mgmt_data_end__ - __FLASH_segment_start__) <= __FLASH_segment_size__)), error: .pwr_mgmt_data is too large to fit in FLASH memory segment)
                0x0000000000029e88                __sdh_ble_observers_load_start__ = ALIGN (__pwr_mgmt_data_end__, 0x4)

.sdh_ble_observers
                0x0000000000029e88       0x30
                0x0000000000029e88                __sdh_ble_observers_start__ = .
                0x0000000000029e88                __start_sdh_ble_observers = __sdh_ble_observers_start__
 *(SORT_BY_NAME(.sdh_ble_observers*))
 .sdh_ble_observers0
                0x0000000000029e88        0x8 Output/Release/Obj/ble_app_blinky_pca10040_s132/ble_conn_state.o
 .sdh_ble_observers1
                0x0000000000029e90        0x8 Output/Release/Obj/ble_app_blinky_pca10040_s132/main.o
 .sdh_ble_observers1
                0x0000000000029e98        0x8 Output/Release/Obj/ble_app_blinky_pca10040_s132/ble_conn_params.o
 .sdh_ble_observers2
                0x0000000000029ea0       0x10 Output/Release/Obj/ble_app_blinky_pca10040_s132/main.o
 .sdh_ble_observers3
                0x0000000000029eb0        0x8 Output/Release/Obj/ble_app_blinky_pca10040_s132/main.o
                0x0000000000029eb8                __sdh_ble_observers_end__ = (__sdh_ble_observers_start__ + SIZEOF (.sdh_ble_observers))
                0x0000000000000030                __sdh_ble_observers_size__ = SIZEOF (.sdh_ble_observers)
                0x0000000000029eb8                __stop_sdh_ble_observers = __sdh_ble_observers_end__
                0x0000000000029eb8                __sdh_ble_observers_load_end__ = __sdh_ble_observers_end__
                0x0000000000000001                . = ASSERT (((__sdh_ble_observers_start__ == __sdh_ble_observers_end__) || ((__sdh_ble_observers_end__ - __FLASH_segment_start__) <= __FLASH_segment_size__)), error: .sdh_ble_observers is too large to fit in FLASH memory segment)
                0x0000000000029eb8                __sdh_req_observers_load_start__ = ALIGN (__sdh_ble_observers_end__, 0x4)

.sdh_req_observers
                0x0000000000029eb8        0x0
                0x0000000000029eb8                __sdh_req_observers_start__ = .
                0x0000000000029eb8                __start_sdh_req_observers = __sdh_req_observers_start__
 *(SORT_BY_NAME(.sdh_req_observers*))
                0x0000000000029eb8                __sdh_req_observers_end__ = (__sdh_req_observers_start__ + SIZEOF (.sdh_req_observers))
                0x0000000000000000                __sdh_req_observers_size__ = SIZEOF (.sdh_req_observers)
                0x0000000000029eb8                __stop_sdh_req_observers = __sdh_req_observers_end__
                0x0000000000029eb8                __sdh_req_observers_load_end__ = __sdh_req_observers_end__
                0x0000000000000001                . = ASSERT (((__sdh_req_observers_start__ == __sdh_req_observers_end__) || ((__sdh_req_observers_end__ - __FLASH_segment_start__) <= __FLASH_segment_size__)), error: .sdh_req_observers is too large to fit in FLASH memory segment)
                0x0000000000029eb8                __sdh_state_observers_load_start__ = ALIGN (__sdh_req_observers_end__, 0x4)

.sdh_state_observers
                0x0000000000029eb8        0x8
                0x0000000000029eb8                __sdh_state_observers_start__ = .
                0x0000000000029eb8                __start_sdh_state_observers = __sdh_state_observers_start__
 *(SORT_BY_NAME(.sdh_state_observers*))
 .sdh_state_observers0
                0x0000000000029eb8        0x8 Output/Release/Obj/ble_app_blinky_pca10040_s132/nrf_drv_clock.o
                0x0000000000029ec0                __sdh_state_observers_end__ = (__sdh_state_observers_start__ + SIZEOF (.sdh_state_observers))
                0x0000000000000008                __sdh_state_observers_size__ = SIZEOF (.sdh_state_observers)
                0x0000000000029ec0                __stop_sdh_state_observers = __sdh_state_observers_end__
                0x0000000000029ec0                __sdh_state_observers_load_end__ = __sdh_state_observers_end__
                0x0000000000000001                . = ASSERT (((__sdh_state_observers_start__ == __sdh_state_observers_end__) || ((__sdh_state_observers_end__ - __FLASH_segment_start__) <= __FLASH_segment_size__)), error: .sdh_state_observers is too large to fit in FLASH memory segment)
                0x0000000000029ec0                __sdh_stack_observers_load_start__ = ALIGN (__sdh_state_observers_end__, 0x4)

.sdh_stack_observers
                0x0000000000029ec0       0x10
                0x0000000000029ec0                __sdh_stack_observers_start__ = .
                0x0000000000029ec0                __start_sdh_stack_observers = __sdh_stack_observers_start__
 *(SORT_BY_NAME(.sdh_stack_observers*))
 .sdh_stack_observers0
                0x0000000000029ec0        0x8 Output/Release/Obj/ble_app_blinky_pca10040_s132/nrf_sdh_ble.o
 .sdh_stack_observers0
                0x0000000000029ec8        0x8 Output/Release/Obj/ble_app_blinky_pca10040_s132/nrf_sdh_soc.o
                0x0000000000029ed0                __sdh_stack_observers_end__ = (__sdh_stack_observers_start__ + SIZEOF (.sdh_stack_observers))
                0x0000000000000010                __sdh_stack_observers_size__ = SIZEOF (.sdh_stack_observers)
                0x0000000000029ed0                __stop_sdh_stack_observers = __sdh_stack_observers_end__
                0x0000000000029ed0                __sdh_stack_observers_load_end__ = __sdh_stack_observers_end__
                0x0000000000000001                . = ASSERT (((__sdh_stack_observers_start__ == __sdh_stack_observers_end__) || ((__sdh_stack_observers_end__ - __FLASH_segment_start__) <= __FLASH_segment_size__)), error: .sdh_stack_observers is too large to fit in FLASH memory segment)
                0x0000000000029ed0                __nrf_queue_load_start__ = ALIGN (__sdh_stack_observers_end__, 0x4)

.nrf_queue      0x0000000000029ed0        0x0
                0x0000000000029ed0                __nrf_queue_start__ = .
                0x0000000000029ed0                __start_nrf_queue = __nrf_queue_start__
 *(.nrf_queue*)
                0x0000000000029ed0                __nrf_queue_end__ = (__nrf_queue_start__ + SIZEOF (.nrf_queue))
                0x0000000000000000                __nrf_queue_size__ = SIZEOF (.nrf_queue)
                0x0000000000029ed0                __stop_nrf_queue = __nrf_queue_end__
                0x0000000000029ed0                __nrf_queue_load_end__ = __nrf_queue_end__
                0x0000000000000001                . = ASSERT (((__nrf_queue_start__ == __nrf_queue_end__) || ((__nrf_queue_end__ - __FLASH_segment_start__) <= __FLASH_segment_size__)), error: .nrf_queue is too large to fit in FLASH memory segment)
                0x0000000000029ed0                __nrf_balloc_load_start__ = ALIGN (__nrf_queue_end__, 0x4)

.nrf_balloc     0x0000000000029ed0       0x14
                0x0000000000029ed0                __nrf_balloc_start__ = .
                0x0000000000029ed0                __start_nrf_balloc = __nrf_balloc_start__
 *(.nrf_balloc*)
 .nrf_balloc    0x0000000000029ed0       0x14 Output/Release/Obj/ble_app_blinky_pca10040_s132/nrf_log_frontend.o
                0x0000000000029ed0                log_mempool
                0x0000000000029ee4                __nrf_balloc_end__ = (__nrf_balloc_start__ + SIZEOF (.nrf_balloc))
                0x0000000000000014                __nrf_balloc_size__ = SIZEOF (.nrf_balloc)
                0x0000000000029ee4                __stop_nrf_balloc = __nrf_balloc_end__
                0x0000000000029ee4                __nrf_balloc_load_end__ = __nrf_balloc_end__
                0x0000000000000001                . = ASSERT (((__nrf_balloc_start__ == __nrf_balloc_end__) || ((__nrf_balloc_end__ - __FLASH_segment_start__) <= __FLASH_segment_size__)), error: .nrf_balloc is too large to fit in FLASH memory segment)
                0x0000000000029ee4                __cli_command_load_start__ = ALIGN (__nrf_balloc_end__, 0x4)

.cli_command    0x0000000000029ee4        0x0
                0x0000000000029ee4                __cli_command_start__ = .
                0x0000000000029ee4                __start_cli_command = __cli_command_start__
 *(.cli_command*)
                0x0000000000029ee4                __cli_command_end__ = (__cli_command_start__ + SIZEOF (.cli_command))
                0x0000000000000000                __cli_command_size__ = SIZEOF (.cli_command)
                0x0000000000029ee4                __stop_cli_command = __cli_command_end__
                0x0000000000029ee4                __cli_command_load_end__ = __cli_command_end__
                0x0000000000000001                . = ASSERT (((__cli_command_start__ == __cli_command_end__) || ((__cli_command_end__ - __FLASH_segment_start__) <= __FLASH_segment_size__)), error: .cli_command is too large to fit in FLASH memory segment)
                0x0000000000029ee4                __crypto_data_load_start__ = ALIGN (__cli_command_end__, 0x4)

.crypto_data    0x0000000000029ee4        0x0
                0x0000000000029ee4                __crypto_data_start__ = .
                0x0000000000029ee4                __start_crypto_data = __crypto_data_start__
 *(SORT_BY_NAME(.crypto_data*))
                0x0000000000029ee4                __crypto_data_end__ = (__crypto_data_start__ + SIZEOF (.crypto_data))
                0x0000000000000000                __crypto_data_size__ = SIZEOF (.crypto_data)
                0x0000000000029ee4                __stop_crypto_data = __crypto_data_end__
                0x0000000000029ee4                __crypto_data_load_end__ = __crypto_data_end__
                0x0000000000000001                . = ASSERT (((__crypto_data_start__ == __crypto_data_end__) || ((__crypto_data_end__ - __FLASH_segment_start__) <= __FLASH_segment_size__)), error: .crypto_data is too large to fit in FLASH memory segment)
                0x0000000000029ee4                __log_const_data_load_start__ = ALIGN (__crypto_data_end__, 0x4)

.log_const_data
                0x0000000000029ee4       0x78
                0x0000000000029ee4                __log_const_data_start__ = .
                0x0000000000029ee4                __start_log_const_data = __log_const_data_start__
 *(SORT_BY_NAME(.log_const_data*))
 .log_const_data_CLOCK
                0x0000000000029ee4        0x8 Output/Release/Obj/ble_app_blinky_pca10040_s132/nrfx_clock.o
                0x0000000000029ee4                m_nrf_log_CLOCK_logs_data_const
 .log_const_data_GPIOTE
                0x0000000000029eec        0x8 Output/Release/Obj/ble_app_blinky_pca10040_s132/nrfx_gpiote.o
                0x0000000000029eec                m_nrf_log_GPIOTE_logs_data_const
 .log_const_data_PRS
                0x0000000000029ef4        0x8 Output/Release/Obj/ble_app_blinky_pca10040_s132/nrfx_prs.o
                0x0000000000029ef4                m_nrf_log_PRS_logs_data_const
 .log_const_data_UART
                0x0000000000029efc        0x8 Output/Release/Obj/ble_app_blinky_pca10040_s132/nrfx_uart.o
                0x0000000000029efc                m_nrf_log_UART_logs_data_const
 .log_const_data_UARTE
                0x0000000000029f04        0x8 Output/Release/Obj/ble_app_blinky_pca10040_s132/nrfx_uarte.o
                0x0000000000029f04                m_nrf_log_UARTE_logs_data_const
 .log_const_data_app
                0x0000000000029f0c        0x8 Output/Release/Obj/ble_app_blinky_pca10040_s132/nrf_log_frontend.o
                0x0000000000029f0c                m_nrf_log_app_logs_data_const
 .log_const_data_app_button
                0x0000000000029f14        0x8 Output/Release/Obj/ble_app_blinky_pca10040_s132/app_button.o
                0x0000000000029f14                m_nrf_log_app_button_logs_data_const
 .log_const_data_app_timer
                0x0000000000029f1c        0x8 Output/Release/Obj/ble_app_blinky_pca10040_s132/app_timer2.o
                0x0000000000029f1c                m_nrf_log_app_timer_logs_data_const
 .log_const_data_clock
                0x0000000000029f24        0x8 Output/Release/Obj/ble_app_blinky_pca10040_s132/nrf_drv_clock.o
                0x0000000000029f24                m_nrf_log_clock_logs_data_const
 .log_const_data_nrf_ble_gatt
                0x0000000000029f2c        0x8 Output/Release/Obj/ble_app_blinky_pca10040_s132/nrf_ble_gatt.o
                0x0000000000029f2c                m_nrf_log_nrf_ble_gatt_logs_data_const
 .log_const_data_nrf_sdh
                0x0000000000029f34        0x8 Output/Release/Obj/ble_app_blinky_pca10040_s132/nrf_sdh.o
                0x0000000000029f34                m_nrf_log_nrf_sdh_logs_data_const
 .log_const_data_nrf_sdh_ble
                0x0000000000029f3c        0x8 Output/Release/Obj/ble_app_blinky_pca10040_s132/nrf_sdh_ble.o
                0x0000000000029f3c                m_nrf_log_nrf_sdh_ble_logs_data_const
 .log_const_data_nrf_sdh_soc
                0x0000000000029f44        0x8 Output/Release/Obj/ble_app_blinky_pca10040_s132/nrf_sdh_soc.o
                0x0000000000029f44                m_nrf_log_nrf_sdh_soc_logs_data_const
 .log_const_data_pwr_mgmt
                0x0000000000029f4c        0x8 Output/Release/Obj/ble_app_blinky_pca10040_s132/nrf_pwr_mgmt.o
                0x0000000000029f4c                m_nrf_log_pwr_mgmt_logs_data_const
 .log_const_data_sortlist
                0x0000000000029f54        0x8 Output/Release/Obj/ble_app_blinky_pca10040_s132/nrf_sortlist.o
                0x0000000000029f54                m_nrf_log_sortlist_logs_data_const
                0x0000000000029f5c                __log_const_data_end__ = (__log_const_data_start__ + SIZEOF (.log_const_data))
                0x0000000000000078                __log_const_data_size__ = SIZEOF (.log_const_data)
                0x0000000000029f5c                __stop_log_const_data = __log_const_data_end__
                0x0000000000029f5c                __log_const_data_load_end__ = __log_const_data_end__
                0x0000000000000001                . = ASSERT (((__log_const_data_start__ == __log_const_data_end__) || ((__log_const_data_end__ - __FLASH_segment_start__) <= __FLASH_segment_size__)), error: .log_const_data is too large to fit in FLASH memory segment)
                0x0000000000029f5c                __log_backends_load_start__ = ALIGN (__log_const_data_end__, 0x4)

.log_backends   0x0000000000029f5c       0x10
                0x0000000000029f5c                __log_backends_start__ = .
                0x0000000000029f5c                __start_log_backends = __log_backends_start__
 *(SORT_BY_NAME(.log_backends*))
 .log_backends  0x0000000000029f5c       0x10 Output/Release/Obj/ble_app_blinky_pca10040_s132/nrf_log_default_backends.o
                0x0000000000029f6c                __log_backends_end__ = (__log_backends_start__ + SIZEOF (.log_backends))
                0x0000000000000010                __log_backends_size__ = SIZEOF (.log_backends)
                0x0000000000029f6c                __stop_log_backends = __log_backends_end__
                0x0000000000029f6c                __log_backends_load_end__ = __log_backends_end__
                0x0000000000000001                . = ASSERT (((__log_backends_start__ == __log_backends_end__) || ((__log_backends_end__ - __FLASH_segment_start__) <= __FLASH_segment_size__)), error: .log_backends is too large to fit in FLASH memory segment)
                0x0000000000029f6c                __nrf_sections_load_start__ = ALIGN (__log_backends_end__, 0x4)

.nrf_sections   0x0000000000029f6c        0x0
                0x0000000000029f6c                __nrf_sections_start__ = .
                0x0000000000029f6c                __start_nrf_sections = __nrf_sections_start__
 *(.nrf_sections .nrf_sections.*)
                0x0000000000029f6c                __nrf_sections_end__ = (__nrf_sections_start__ + SIZEOF (.nrf_sections))
                0x0000000000000000                __nrf_sections_size__ = SIZEOF (.nrf_sections)
                0x0000000000029f6c                __nrf_sections_load_end__ = __nrf_sections_end__
                0x0000000000000001                . = ASSERT (((__nrf_sections_start__ == __nrf_sections_end__) || ((__nrf_sections_end__ - __FLASH_segment_start__) <= __FLASH_segment_size__)), error: .nrf_sections is too large to fit in FLASH memory segment)
                0x0000000000029f6c                __cli_sorted_cmd_ptrs_load_start__ = ALIGN (__nrf_sections_end__, 0x4)

.cli_sorted_cmd_ptrs
                0x00000000200022f0        0x0 load address 0x0000000000029f6c
                0x00000000200022f0                __cli_sorted_cmd_ptrs_start__ = .
 *(.cli_sorted_cmd_ptrs*)
                0x00000000200022f0                __cli_sorted_cmd_ptrs_end__ = (__cli_sorted_cmd_ptrs_start__ + SIZEOF (.cli_sorted_cmd_ptrs))
                0x0000000000000000                __cli_sorted_cmd_ptrs_size__ = SIZEOF (.cli_sorted_cmd_ptrs)
                0x0000000000029f6c                __cli_sorted_cmd_ptrs_load_end__ = (__cli_sorted_cmd_ptrs_load_start__ + SIZEOF (.cli_sorted_cmd_ptrs))
                0x0000000000000001                . = ASSERT (((__cli_sorted_cmd_ptrs_load_start__ == __cli_sorted_cmd_ptrs_load_end__) || ((__cli_sorted_cmd_ptrs_load_end__ - __FLASH_segment_start__) <= __FLASH_segment_size__)), error: .cli_sorted_cmd_ptrs is too large to fit in FLASH memory segment)

.cli_sorted_cmd_ptrs_run
                0x00000000200022f0        0x0
                0x00000000200022f0                __cli_sorted_cmd_ptrs_run_start__ = .
                0x00000000200022f0                __start_cli_sorted_cmd_ptrs = __cli_sorted_cmd_ptrs_run_start__
                0x00000000200022f0                __cli_sorted_cmd_ptrs_run_end__ = (__cli_sorted_cmd_ptrs_run_start__ + SIZEOF (.cli_sorted_cmd_ptrs))
                0x0000000000000000                __cli_sorted_cmd_ptrs_run_size__ = (__cli_sorted_cmd_ptrs_run_end__ - __cli_sorted_cmd_ptrs_run_start__)
                0x00000000200022f0                __stop_cli_sorted_cmd_ptrs = __cli_sorted_cmd_ptrs_run_end__
                0x00000000200022f0                __cli_sorted_cmd_ptrs_run_load_end__ = __cli_sorted_cmd_ptrs_run_end__
                0x0000000000000001                . = ASSERT (((__cli_sorted_cmd_ptrs_run_start__ == __cli_sorted_cmd_ptrs_run_end__) || ((__cli_sorted_cmd_ptrs_run_end__ - __RAM1_segment_start__) <= __RAM1_segment_size__)), error: .cli_sorted_cmd_ptrs_run is too large to fit in RAM1 memory segment)
                0x0000000000029f6c                __fs_data_load_start__ = ALIGN ((__cli_sorted_cmd_ptrs_load_start__ + SIZEOF (.cli_sorted_cmd_ptrs)), 0x4)

.fs_data        0x00000000200022f0        0x0 load address 0x0000000000029f6c
                0x00000000200022f0                __fs_data_start__ = .
 *(.fs_data*)
                0x00000000200022f0                __fs_data_end__ = (__fs_data_start__ + SIZEOF (.fs_data))
                0x0000000000000000                __fs_data_size__ = SIZEOF (.fs_data)
                0x0000000000029f6c                __fs_data_load_end__ = (__fs_data_load_start__ + SIZEOF (.fs_data))
                0x0000000000000001                . = ASSERT (((__fs_data_load_start__ == __fs_data_load_end__) || ((__fs_data_load_end__ - __FLASH_segment_start__) <= __FLASH_segment_size__)), error: .fs_data is too large to fit in FLASH memory segment)

.fs_data_run    0x00000000200022f0        0x0
                0x00000000200022f0                __fs_data_run_start__ = .
                0x00000000200022f0                __start_fs_data = __fs_data_run_start__
                0x00000000200022f0                __fs_data_run_end__ = (__fs_data_run_start__ + SIZEOF (.fs_data))
                0x0000000000000000                __fs_data_run_size__ = (__fs_data_run_end__ - __fs_data_run_start__)
                0x00000000200022f0                __stop_fs_data = __fs_data_run_end__
                0x00000000200022f0                __fs_data_run_load_end__ = __fs_data_run_end__
                0x0000000000000001                . = ASSERT (((__fs_data_run_start__ == __fs_data_run_end__) || ((__fs_data_run_end__ - __RAM1_segment_start__) <= __RAM1_segment_size__)), error: .fs_data_run is too large to fit in RAM1 memory segment)
                0x0000000000029f6c                __log_dynamic_data_load_start__ = ALIGN ((__fs_data_load_start__ + SIZEOF (.fs_data)), 0x4)

.log_dynamic_data
                0x00000000200022f0        0x0 load address 0x0000000000029f6c
                0x00000000200022f0                __log_dynamic_data_start__ = .
 *(SORT_BY_NAME(.log_dynamic_data*))
                0x00000000200022f0                __log_dynamic_data_end__ = (__log_dynamic_data_start__ + SIZEOF (.log_dynamic_data))
                0x0000000000000000                __log_dynamic_data_size__ = SIZEOF (.log_dynamic_data)
                0x0000000000029f6c                __log_dynamic_data_load_end__ = (__log_dynamic_data_load_start__ + SIZEOF (.log_dynamic_data))
                0x0000000000000001                . = ASSERT (((__log_dynamic_data_load_start__ == __log_dynamic_data_load_end__) || ((__log_dynamic_data_load_end__ - __FLASH_segment_start__) <= __FLASH_segment_size__)), error: .log_dynamic_data is too large to fit in FLASH memory segment)

.log_dynamic_data_run
                0x00000000200022f0        0x0
                0x00000000200022f0                __log_dynamic_data_run_start__ = .
                0x00000000200022f0                __start_log_dynamic_data = __log_dynamic_data_run_start__
                0x00000000200022f0                __log_dynamic_data_run_end__ = (__log_dynamic_data_run_start__ + SIZEOF (.log_dynamic_data))
                0x0000000000000000                __log_dynamic_data_run_size__ = (__log_dynamic_data_run_end__ - __log_dynamic_data_run_start__)
                0x00000000200022f0                __stop_log_dynamic_data = __log_dynamic_data_run_end__
                0x00000000200022f0                __log_dynamic_data_run_load_end__ = __log_dynamic_data_run_end__
                0x0000000000000001                . = ASSERT (((__log_dynamic_data_run_start__ == __log_dynamic_data_run_end__) || ((__log_dynamic_data_run_end__ - __RAM1_segment_start__) <= __RAM1_segment_size__)), error: .log_dynamic_data_run is too large to fit in RAM1 memory segment)
                0x0000000000029f6c                __log_filter_data_load_start__ = ALIGN ((__log_dynamic_data_load_start__ + SIZEOF (.log_dynamic_data)), 0x4)

.log_filter_data
                0x00000000200022f0        0x0 load address 0x0000000000029f6c
                0x00000000200022f0                __log_filter_data_start__ = .
 *(SORT_BY_NAME(.log_filter_data*))
                0x00000000200022f0                __log_filter_data_end__ = (__log_filter_data_start__ + SIZEOF (.log_filter_data))
                0x0000000000000000                __log_filter_data_size__ = SIZEOF (.log_filter_data)
                0x0000000000029f6c                __log_filter_data_load_end__ = (__log_filter_data_load_start__ + SIZEOF (.log_filter_data))
                0x0000000000000001                . = ASSERT (((__log_filter_data_load_start__ == __log_filter_data_load_end__) || ((__log_filter_data_load_end__ - __FLASH_segment_start__) <= __FLASH_segment_size__)), error: .log_filter_data is too large to fit in FLASH memory segment)

.log_filter_data_run
                0x00000000200022f0        0x0
                0x00000000200022f0                __log_filter_data_run_start__ = .
                0x00000000200022f0                __start_log_filter_data = __log_filter_data_run_start__
                0x00000000200022f0                __log_filter_data_run_end__ = (__log_filter_data_run_start__ + SIZEOF (.log_filter_data))
                0x0000000000000000                __log_filter_data_run_size__ = (__log_filter_data_run_end__ - __log_filter_data_run_start__)
                0x00000000200022f0                __stop_log_filter_data = __log_filter_data_run_end__
                0x00000000200022f0                __log_filter_data_run_load_end__ = __log_filter_data_run_end__
                0x0000000000000001                . = ASSERT (((__log_filter_data_run_start__ == __log_filter_data_run_end__) || ((__log_filter_data_run_end__ - __RAM1_segment_start__) <= __RAM1_segment_size__)), error: .log_filter_data_run is too large to fit in RAM1 memory segment)
                0x00000000200022f0                __nrf_sections_run_end_load_start__ = ALIGN (__log_filter_data_run_end__, 0x4)

.nrf_sections_run_end
                0x00000000200022f0        0x0
                0x00000000200022f0                __nrf_sections_run_end_start__ = .
                0x00000000200022f0                __end_nrf_sections_run = __nrf_sections_run_end_start__
 *(.nrf_sections_run_end .nrf_sections_run_end.*)
                0x00000000200022f0                __nrf_sections_run_end_end__ = (__nrf_sections_run_end_start__ + SIZEOF (.nrf_sections_run_end))
                0x0000000000000000                __nrf_sections_run_end_size__ = SIZEOF (.nrf_sections_run_end)
                0x00000000200022f0                __nrf_sections_run_end_load_end__ = __nrf_sections_run_end_end__
                0x0000000000000001                . = ASSERT (((__nrf_sections_run_end_start__ == __nrf_sections_run_end_end__) || ((__nrf_sections_run_end_end__ - __RAM1_segment_start__) <= __RAM1_segment_size__)), error: .nrf_sections_run_end is too large to fit in RAM1 memory segment)
                0x0000000000029f6c                __dtors_load_start__ = ALIGN ((__log_filter_data_load_start__ + SIZEOF (.log_filter_data)), 0x4)

.dtors          0x0000000000029f6c        0x0
                0x0000000000029f6c                __dtors_start__ = .
 *(SORT_BY_NAME(.dtors.*))
 *(.dtors)
 *(.fini_array)
 *(SORT_BY_NAME(.fini_array.*))
                0x0000000000029f6c                __dtors_end__ = (__dtors_start__ + SIZEOF (.dtors))
                0x0000000000000000                __dtors_size__ = SIZEOF (.dtors)
                0x0000000000029f6c                __dtors_load_end__ = __dtors_end__
                0x0000000000000001                . = ASSERT (((__dtors_start__ == __dtors_end__) || ((__dtors_end__ - __FLASH_segment_start__) <= __FLASH_segment_size__)), error: .dtors is too large to fit in FLASH memory segment)
                0x0000000000029f6c                __ctors_load_start__ = ALIGN (__dtors_end__, 0x4)

.ctors          0x0000000000029f6c        0x0
                0x0000000000029f6c                __ctors_start__ = .
 *(SORT_BY_NAME(.ctors.*))
 *(.ctors)
 *(.init_array)
 *(SORT_BY_NAME(.init_array.*))
                0x0000000000029f6c                __ctors_end__ = (__ctors_start__ + SIZEOF (.ctors))
                0x0000000000000000                __ctors_size__ = SIZEOF (.ctors)
                0x0000000000029f6c                __ctors_load_end__ = __ctors_end__
                0x0000000000000001                . = ASSERT (((__ctors_start__ == __ctors_end__) || ((__ctors_end__ - __FLASH_segment_start__) <= __FLASH_segment_size__)), error: .ctors is too large to fit in FLASH memory segment)
                0x0000000000029f6c                __rodata_load_start__ = ALIGN (__ctors_end__, 0x4)

.rodata         0x0000000000029f6c      0xe46
                0x0000000000029f6c                __rodata_start__ = .
 *(.rodata .rodata.* .gnu.linkonce.r.*)
 *fill*         0x0000000000029f6c        0x4 
 .rodata.delay_machine_code.0
                0x0000000000029f70        0x6 Output/Release/Obj/ble_app_blinky_pca10040_s132/nrf_log_backend_rtt.o
 *fill*         0x0000000000029f76        0x2 
 .rodata.nrf_log_backend_rtt_api
                0x0000000000029f78        0xc Output/Release/Obj/ble_app_blinky_pca10040_s132/nrf_log_backend_rtt.o
                0x0000000000029f78                nrf_log_backend_rtt_api
 .rodata.str1.1
                0x0000000000029f84       0x10 Output/Release/Obj/ble_app_blinky_pca10040_s132/nrf_log_default_backends.o
 .rodata.nrf_log_frontend_dequeue.str1.1
                0x0000000000029f94       0x11 Output/Release/Obj/ble_app_blinky_pca10040_s132/nrf_log_frontend.o
 .rodata.str1.1
                0x0000000000029fa5        0x4 Output/Release/Obj/ble_app_blinky_pca10040_s132/nrf_log_frontend.o
 *fill*         0x0000000000029fa9        0x3 
 .rodata.m_log_push_ringbuf
                0x0000000000029fac        0xc Output/Release/Obj/ble_app_blinky_pca10040_s132/nrf_log_frontend.o
 .rodata.prefix_process.str1.1
                0x0000000000029fb8       0x32 Output/Release/Obj/ble_app_blinky_pca10040_s132/nrf_log_str_formatter.o
 .rodata.postfix_process.str1.1
                0x0000000000029fea       0x32 Output/Release/Obj/ble_app_blinky_pca10040_s132/nrf_log_str_formatter.o
                                          0x3 (size before relaxing)
 .rodata.nrf_log_hexdump_entry_process.str1.1
                0x0000000000029fea        0xf Output/Release/Obj/ble_app_blinky_pca10040_s132/nrf_log_str_formatter.o
                                         0x11 (size before relaxing)
 .rodata.str1.1
                0x0000000000029ff9       0x4b Output/Release/Obj/ble_app_blinky_pca10040_s132/nrf_log_str_formatter.o
                                         0x51 (size before relaxing)
 .rodata.m_colors
                0x000000000002a044       0x24 Output/Release/Obj/ble_app_blinky_pca10040_s132/nrf_log_str_formatter.o
 .rodata.severity_names
                0x000000000002a068       0x14 Output/Release/Obj/ble_app_blinky_pca10040_s132/nrf_log_str_formatter.o
 .rodata.str1.1
                0x000000000002a07c        0xb Output/Release/Obj/ble_app_blinky_pca10040_s132/app_button.o
 .rodata.app_error_fault_handler.str1.1
                0x000000000002a087       0x19 Output/Release/Obj/ble_app_blinky_pca10040_s132/app_error_weak.o
 .rodata.str1.1
                0x000000000002a0a0        0xa Output/Release/Obj/ble_app_blinky_pca10040_s132/app_timer2.o
 .rodata        0x000000000002a0aa        0x4 Output/Release/Obj/ble_app_blinky_pca10040_s132/app_timer2.o
 *fill*         0x000000000002a0ae        0x2 
 .rodata.m_app_timer_sortlist
                0x000000000002a0b0        0xc Output/Release/Obj/ble_app_blinky_pca10040_s132/app_timer2.o
 .rodata.drv_rtc_init.str1.1
                0x000000000002a0bc       0x34 Output/Release/Obj/ble_app_blinky_pca10040_s132/drv_rtc.o
 .rodata.delay_machine_code.0
                0x000000000002a0f0        0x6 Output/Release/Obj/ble_app_blinky_pca10040_s132/drv_rtc.o
 .rodata._aV2C.0
                0x000000000002a0f6       0x10 Output/Release/Obj/ble_app_blinky_pca10040_s132/nrf_fprintf_format.o
 .rodata.str1.1
                0x000000000002a106        0x9 Output/Release/Obj/ble_app_blinky_pca10040_s132/nrf_pwr_mgmt.o
 *fill*         0x000000000002a10f        0x1 
 .rodata.pwr_mgmt_data
                0x000000000002a110        0xc Output/Release/Obj/ble_app_blinky_pca10040_s132/nrf_pwr_mgmt.o
 .rodata.str1.1
                0x000000000002a11c        0x9 Output/Release/Obj/ble_app_blinky_pca10040_s132/nrf_sortlist.o
 .rodata.str1.1
                0x000000000002a125      0x3ba Output/Release/Obj/ble_app_blinky_pca10040_s132/nrf_strerror.o
 .rodata.m_unknown_str
                0x000000000002a4df       0x13 Output/Release/Obj/ble_app_blinky_pca10040_s132/nrf_strerror.o
 *fill*         0x000000000002a4f2        0x2 
 .rodata.nrf_strerror_array
                0x000000000002a4f4      0x128 Output/Release/Obj/ble_app_blinky_pca10040_s132/nrf_strerror.o
 .rodata.CSWTCH.15
                0x000000000002a61c        0x4 Output/Release/Obj/ble_app_blinky_pca10040_s132/system_nrf52.o
 .rodata.CSWTCH.19
                0x000000000002a620        0x4 Output/Release/Obj/ble_app_blinky_pca10040_s132/system_nrf52.o
 .rodata.CSWTCH.5
                0x000000000002a624        0x4 Output/Release/Obj/ble_app_blinky_pca10040_s132/system_nrf52.o
 .rodata.str1.1
                0x000000000002a628        0x6 Output/Release/Obj/ble_app_blinky_pca10040_s132/nrf_drv_clock.o
 .rodata.str1.1
                0x000000000002a62e        0x6 Output/Release/Obj/ble_app_blinky_pca10040_s132/nrfx_clock.o
 .rodata.str1.1
                0x000000000002a634        0x7 Output/Release/Obj/ble_app_blinky_pca10040_s132/nrfx_gpiote.o
 .rodata.str1.1
                0x000000000002a63b        0x4 Output/Release/Obj/ble_app_blinky_pca10040_s132/nrfx_prs.o
 .rodata.str1.1
                0x000000000002a63f        0x5 Output/Release/Obj/ble_app_blinky_pca10040_s132/nrfx_uart.o
 .rodata.str1.1
                0x000000000002a644        0x6 Output/Release/Obj/ble_app_blinky_pca10040_s132/nrfx_uarte.o
 .rodata.ble_evt_handler.str1.1
                0x000000000002a64a       0x17 Output/Release/Obj/ble_app_blinky_pca10040_s132/main.o
 .rodata.bsp_event_callback.str1.1
                0x000000000002a661       0x21 Output/Release/Obj/ble_app_blinky_pca10040_s132/main.o
 .rodata.led_write_handler.str1.1
                0x000000000002a682       0x23 Output/Release/Obj/ble_app_blinky_pca10040_s132/main.o
 .rodata.main.str1.1
                0x000000000002a6a5       0x26 Output/Release/Obj/ble_app_blinky_pca10040_s132/main.o
 *fill*         0x000000000002a6cb        0x1 
 .rodata.m_led_timer_id
                0x000000000002a6cc        0x4 Output/Release/Obj/ble_app_blinky_pca10040_s132/main.o
 .rodata.m_measure_lis2dw_timer
                0x000000000002a6d0        0x4 Output/Release/Obj/ble_app_blinky_pca10040_s132/main.o
 .rodata.advertising_init.str1.1
                0x000000000002a6d4       0x4e Output/Release/Obj/ble_app_blinky_pca10040_s132/advertiser.o
 .rodata.advertising_start.str1.1
                0x000000000002a722       0x53 Output/Release/Obj/ble_app_blinky_pca10040_s132/advertiser.o
 .rodata._DoInit.str1.1
                0x000000000002a775       0x14 Output/Release/Obj/ble_app_blinky_pca10040_s132/SEGGER_RTT.o
 .rodata.data_length_update.str1.1
                0x000000000002a789       0xdf Output/Release/Obj/ble_app_blinky_pca10040_s132/nrf_ble_gatt.o
 .rodata.nrf_ble_gatt_on_ble_evt.str1.1
                0x000000000002a868       0x60 Output/Release/Obj/ble_app_blinky_pca10040_s132/nrf_ble_gatt.o
 .rodata.str1.1
                0x000000000002a8c8        0xd Output/Release/Obj/ble_app_blinky_pca10040_s132/nrf_ble_gatt.o
 .rodata        0x000000000002a8d5       0x10 Output/Release/Obj/ble_app_blinky_pca10040_s132/ble_lbs.o
 .rodata.str1.1
                0x000000000002a8e5        0x8 Output/Release/Obj/ble_app_blinky_pca10040_s132/nrf_sdh.o
 .rodata        0x000000000002a8ed        0x4 Output/Release/Obj/ble_app_blinky_pca10040_s132/nrf_sdh.o
 *fill*         0x000000000002a8f1        0x3 
 .rodata.sdh_req_observers
                0x000000000002a8f4        0xc Output/Release/Obj/ble_app_blinky_pca10040_s132/nrf_sdh.o
 .rodata.sdh_stack_observers
                0x000000000002a900        0xc Output/Release/Obj/ble_app_blinky_pca10040_s132/nrf_sdh.o
 .rodata.sdh_state_observers
                0x000000000002a90c        0xc Output/Release/Obj/ble_app_blinky_pca10040_s132/nrf_sdh.o
 .rodata.nrf_sdh_ble_default_cfg_set.str1.1
                0x000000000002a918      0x182 Output/Release/Obj/ble_app_blinky_pca10040_s132/nrf_sdh_ble.o
 .rodata.nrf_sdh_ble_enable.str1.1
                0x000000000002aa9a       0xa7 Output/Release/Obj/ble_app_blinky_pca10040_s132/nrf_sdh_ble.o
 .rodata.str1.1
                0x000000000002ab41        0xc Output/Release/Obj/ble_app_blinky_pca10040_s132/nrf_sdh_ble.o
 *fill*         0x000000000002ab4d        0x3 
 .rodata.sdh_ble_observers
                0x000000000002ab50        0xc Output/Release/Obj/ble_app_blinky_pca10040_s132/nrf_sdh_ble.o
 .rodata.str1.1
                0x000000000002ab5c        0xc Output/Release/Obj/ble_app_blinky_pca10040_s132/nrf_sdh_soc.o
 .rodata.sdh_soc_observers
                0x000000000002ab68        0xc Output/Release/Obj/ble_app_blinky_pca10040_s132/nrf_sdh_soc.o
 .rodata.libc.__RAL_find_locale.str1.4
                0x000000000002ab74        0xa D:/sse/lib/libc_v7em_fpv4_sp_d16_hard_t_le_eabi.a(libc2.o)
 *fill*         0x000000000002ab7e        0x2 
 .rodata.libc.__RAL_ascii_ctype_map
                0x000000000002ab80       0x80 D:/sse/lib/libc_v7em_fpv4_sp_d16_hard_t_le_eabi.a(libc2.o)
                0x000000000002ab80                __RAL_ascii_ctype_map
 .rodata.libc.__RAL_ascii_ctype_mask
                0x000000000002ac00        0xd D:/sse/lib/libc_v7em_fpv4_sp_d16_hard_t_le_eabi.a(libc2.o)
 *fill*         0x000000000002ac0d        0x3 
 .rodata.libc.__RAL_c_locale
                0x000000000002ac10        0xc D:/sse/lib/libc_v7em_fpv4_sp_d16_hard_t_le_eabi.a(libc2.o)
                0x000000000002ac10                __RAL_c_locale
 .rodata.libc.__RAL_c_locale_abbrev_day_names
                0x000000000002ac1c       0x1d D:/sse/lib/libc_v7em_fpv4_sp_d16_hard_t_le_eabi.a(libc2.o)
                0x000000000002ac1c                __RAL_c_locale_abbrev_day_names
 *fill*         0x000000000002ac39        0x3 
 .rodata.libc.__RAL_c_locale_abbrev_month_names
                0x000000000002ac3c       0x31 D:/sse/lib/libc_v7em_fpv4_sp_d16_hard_t_le_eabi.a(libc2.o)
                0x000000000002ac3c                __RAL_c_locale_abbrev_month_names
 *fill*         0x000000000002ac6d        0x3 
 .rodata.libc.__RAL_c_locale_am_pm_indicator
                0x000000000002ac70        0x7 D:/sse/lib/libc_v7em_fpv4_sp_d16_hard_t_le_eabi.a(libc2.o)
                0x000000000002ac70                __RAL_c_locale_am_pm_indicator
 *fill*         0x000000000002ac77        0x1 
 .rodata.libc.__RAL_c_locale_data
                0x000000000002ac78       0x58 D:/sse/lib/libc_v7em_fpv4_sp_d16_hard_t_le_eabi.a(libc2.o)
                0x000000000002ac78                __RAL_c_locale_data
 .rodata.libc.__RAL_c_locale_date_format
                0x000000000002acd0        0x9 D:/sse/lib/libc_v7em_fpv4_sp_d16_hard_t_le_eabi.a(libc2.o)
                0x000000000002acd0                __RAL_c_locale_date_format
 *fill*         0x000000000002acd9        0x3 
 .rodata.libc.__RAL_c_locale_date_time_format
                0x000000000002acdc        0xf D:/sse/lib/libc_v7em_fpv4_sp_d16_hard_t_le_eabi.a(libc2.o)
                0x000000000002acdc                __RAL_c_locale_date_time_format
 *fill*         0x000000000002aceb        0x1 
 .rodata.libc.__RAL_c_locale_day_names
                0x000000000002acec       0x3a D:/sse/lib/libc_v7em_fpv4_sp_d16_hard_t_le_eabi.a(libc2.o)
                0x000000000002acec                __RAL_c_locale_day_names
 *fill*         0x000000000002ad26        0x2 
 .rodata.libc.__RAL_c_locale_month_names
                0x000000000002ad28       0x57 D:/sse/lib/libc_v7em_fpv4_sp_d16_hard_t_le_eabi.a(libc2.o)
                0x000000000002ad28                __RAL_c_locale_month_names
 *fill*         0x000000000002ad7f        0x1 
 .rodata.libc.__RAL_c_locale_time_format
                0x000000000002ad80        0x9 D:/sse/lib/libc_v7em_fpv4_sp_d16_hard_t_le_eabi.a(libc2.o)
                0x000000000002ad80                __RAL_c_locale_time_format
 *fill*         0x000000000002ad89        0x3 
 .rodata.libc.__RAL_codeset_ascii
                0x000000000002ad8c       0x20 D:/sse/lib/libc_v7em_fpv4_sp_d16_hard_t_le_eabi.a(libc2.o)
                0x000000000002ad8c                __RAL_codeset_ascii
 .rodata.libc.__RAL_data_empty_string
                0x000000000002adac        0x1 D:/sse/lib/libc_v7em_fpv4_sp_d16_hard_t_le_eabi.a(libc2.o)
                0x000000000002adac                __RAL_data_empty_string
 *fill*         0x000000000002adad        0x3 
 .rodata.libc.__RAL_data_utf8_period
                0x000000000002adb0        0x2 D:/sse/lib/libc_v7em_fpv4_sp_d16_hard_t_le_eabi.a(libc2.o)
                0x000000000002adb0                __RAL_data_utf8_period
                0x000000000002adb2                __rodata_end__ = (__rodata_start__ + SIZEOF (.rodata))
                0x0000000000000e46                __rodata_size__ = SIZEOF (.rodata)
                0x000000000002adb2                __rodata_load_end__ = __rodata_end__

.rel.dyn        0x000000000002adb4        0x0
 .rel.iplt      0x000000000002adb4        0x0 Output/Release/Obj/ble_app_blinky_pca10040_s132/thumb_crt0.o
                0x0000000000000001                . = ASSERT (((__rodata_start__ == __rodata_end__) || ((__rodata_end__ - __FLASH_segment_start__) <= __FLASH_segment_size__)), error: .rodata is too large to fit in FLASH memory segment)